Component: ARM Compiler 5.06 update 6 (build 750) Tool: armlink [4d35ed]

==============================================================================

Section Cross References

    startup_stm32f107xc.o(RESET) refers to startup_stm32f107xc.o(STACK) for __initial_sp
    startup_stm32f107xc.o(RESET) refers to startup_stm32f107xc.o(.text) for Reset_Handler
    startup_stm32f107xc.o(RESET) refers to stm32f1xx_it.o(i.SysTick_Handler) for SysTick_Handler
    startup_stm32f107xc.o(RESET) refers to stm32f1xx_it.o(i.DMA1_Channel1_IRQHandler) for DMA1_Channel1_IRQHandler
    startup_stm32f107xc.o(RESET) refers to stm32f1xx_it.o(i.TIM3_IRQHandler) for TIM3_IRQHandler
    startup_stm32f107xc.o(RESET) refers to stm32f1xx_it.o(i.USART1_IRQHandler) for USART1_IRQHandler
    startup_stm32f107xc.o(RESET) refers to stm32f1xx_it.o(i.USART2_IRQHandler) for USART2_IRQHandler
    startup_stm32f107xc.o(RESET) refers to stm32f1xx_it.o(i.USART3_IRQHandler) for USART3_IRQHandler
    startup_stm32f107xc.o(RESET) refers to stm32f1xx_it.o(i.UART4_IRQHandler) for UART4_IRQHandler
    startup_stm32f107xc.o(.text) refers to system_stm32f1xx.o(i.SystemInit) for SystemInit
    startup_stm32f107xc.o(.text) refers to entry.o(.ARM.Collect$$$$00000000) for __main
    bat.o(i.BATCheck) refers to bat.o(i.BatLED) for BatLED
    bat.o(i.BatLED) refers to stm32f1xx_hal_gpio.o(i.HAL_GPIO_WritePin) for HAL_GPIO_WritePin
    bat.o(i.SumBAT) refers to bat.o(i.BATCheck) for BATCheck
    bat.o(i.SumBAT) refers to bat.o(.data) for .data
    bat.o(i.SumBAT) refers to bat.o(.bss) for .bss
    com.o(i.ADD_TX) refers to com.o(i.COM_TX) for COM_TX
    com.o(i.ADD_TX) refers to strlen.o(.text) for strlen
    com.o(i.ADD_TX) refers to stm32f1xx_hal_uart.o(i.HAL_UART_Transmit) for HAL_UART_Transmit
    com.o(i.ADD_TX) refers to main.o(.bss) for huart3
    com.o(i.ARD_TX) refers to strcpy.o(.text) for strcpy
    com.o(i.ARD_TX) refers to strlen.o(.text) for strlen
    com.o(i.ARD_TX) refers to com.o(i.COM_TX) for COM_TX
    com.o(i.ARD_TX) refers to stm32f1xx_hal_uart.o(i.HAL_UART_Transmit) for HAL_UART_Transmit
    com.o(i.ARD_TX) refers to main.o(.bss) for huart4
    com.o(i.Arduino_Light_Clear) refers to com.o(i.ARD_TX) for ARD_TX
    com.o(i.Arduino_Light_Fill) refers to com.o(i.ARD_TX) for ARD_TX
    com.o(i.Arduino_Light_Mode_Connecting) refers to com.o(i.ARD_TX) for ARD_TX
    com.o(i.Arduino_Light_Mode_Normal) refers to com.o(i.Arduino_responded) for Arduino_responded
    com.o(i.Arduino_Light_Mode_Normal) refers to com.o(i.ARD_TX) for ARD_TX
    com.o(i.Arduino_Light_Mode_Normal) refers to com.o(.data) for .data
    com.o(i.Arduino_Light_Tansmitt) refers to com.o(i.ARD_TX) for ARD_TX
    com.o(i.Arduino_responded) refers to com.o(.data) for .data
    com.o(i.Ardunio_Ready) refers to com.o(.data) for .data
    com.o(i.COM_TX) refers to strlen.o(.text) for strlen
    com.o(i.COM_TX) refers to stm32f1xx_hal_uart.o(i.HAL_UART_Transmit) for HAL_UART_Transmit
    com.o(i.COM_TX) refers to main.o(.bss) for huart2
    com.o(i.LORA_TX) refers to com.o(i.COM_TX) for COM_TX
    com.o(i.LORA_TX) refers to strlen.o(.text) for strlen
    com.o(i.LORA_TX) refers to stm32f1xx_hal_uart.o(i.HAL_UART_Transmit) for HAL_UART_Transmit
    com.o(i.LORA_TX) refers to main.o(.bss) for huart1
    com.o(i.Lora) refers to lora.o(i.lora_initial) for lora_initial
    com.o(i.Lora) refers to com.o(i.scheinwerfer) for scheinwerfer
    com.o(i.Lora) refers to com.o(i.Lora_RxFlag) for Lora_RxFlag
    com.o(i.Lora) refers to com.o(i.LORA_TX) for LORA_TX
    com.o(i.Lora) refers to lora.o(i.lora_delay) for lora_delay
    com.o(i.Lora) refers to com.o(i.Lora_DTS) for Lora_DTS
    com.o(i.Lora) refers to lora.o(i.Send_Tim3Value) for Send_Tim3Value
    com.o(i.Lora) refers to com.o(.data) for .data
    com.o(i.Lora_DTS) refers to com.o(i.LORA_TX) for LORA_TX
    com.o(i.Lora_Init) refers to com.o(i.LORA_TX) for LORA_TX
    com.o(i.Lora_Init) refers to com.o(i.Lora_RxFlag) for Lora_RxFlag
    com.o(i.Lora_Init) refers to com.o(.data) for .data
    com.o(i.Lora_RxFlag) refers to com.o(.bss) for .bss
    com.o(i.Lora_delay) refers to com.o(.data) for .data
    com.o(i.scheinwerfer) refers to com.o(i.Arduino_Light_Clear) for Arduino_Light_Clear
    com.o(i.scheinwerfer) refers to com.o(i.Arduino_responded) for Arduino_responded
    com.o(i.scheinwerfer) refers to com.o(i.Arduino_Light_Tansmitt) for Arduino_Light_Tansmitt
    com.o(i.scheinwerfer) refers to com.o(i.Arduino_Light_Mode_Normal) for Arduino_Light_Mode_Normal
    com.o(i.scheinwerfer) refers to com.o(i.Arduino_Light_Mode_Connecting) for Arduino_Light_Mode_Connecting
    com.o(i.scheinwerfer) refers to com.o(i.Arduino_Light_Fill) for Arduino_Light_Fill
    com.o(i.scheinwerfer) refers to com.o(.data) for .data
    motor.o(i.MOTOR_1_BRAKE) refers to stm32f1xx_hal_gpio.o(i.HAL_GPIO_WritePin) for HAL_GPIO_WritePin
    motor.o(i.MOTOR_1_CURRENT) refers to stm32f1xx_hal_gpio.o(i.HAL_GPIO_WritePin) for HAL_GPIO_WritePin
[...]
    Removing stm32f1xx_hal_tim.o(i.HAL_TIM_PWM_DeInit), (192 bytes).
    Removing stm32f1xx_hal_tim.o(i.HAL_TIM_PWM_GetState), (6 bytes).
    Removing stm32f1xx_hal_tim.o(i.HAL_TIM_PWM_MspDeInit), (2 bytes).
    Removing stm32f1xx_hal_tim.o(i.HAL_TIM_PWM_PulseFinishedHalfCpltCallback), (2 bytes).
    Removing stm32f1xx_hal_tim.o(i.HAL_TIM_PWM_Start), (224 bytes).
    Removing stm32f1xx_hal_tim.o(i.HAL_TIM_PWM_Start_DMA), (456 bytes).
    Removing stm32f1xx_hal_tim.o(i.HAL_TIM_PWM_Start_IT), (284 bytes).
    Removing stm32f1xx_hal_tim.o(i.HAL_TIM_PWM_Stop), (252 bytes).
    Removing stm32f1xx_hal_tim.o(i.HAL_TIM_PWM_Stop_DMA), (328 bytes).
    Removing stm32f1xx_hal_tim.o(i.HAL_TIM_PWM_Stop_IT), (304 bytes).
    Removing stm32f1xx_hal_tim.o(i.HAL_TIM_PeriodElapsedCallback), (2 bytes).
    Removing stm32f1xx_hal_tim.o(i.HAL_TIM_PeriodElapsedHalfCpltCallback), (2 bytes).
    Removing stm32f1xx_hal_tim.o(i.HAL_TIM_ReadCapturedValue), (260 bytes).
    Removing stm32f1xx_hal_tim.o(i.HAL_TIM_SlaveConfigSynchro), (276 bytes).
    Removing stm32f1xx_hal_tim.o(i.HAL_TIM_SlaveConfigSynchro_IT), (276 bytes).
    Removing stm32f1xx_hal_tim.o(i.HAL_TIM_TriggerHalfCpltCallback), (2 bytes).
    Removing stm32f1xx_hal_tim.o(i.TIM_CCxChannelCmd), (172 bytes).
    Removing stm32f1xx_hal_tim.o(i.TIM_DMACaptureCplt), (62 bytes).
    Removing stm32f1xx_hal_tim.o(i.TIM_DMACaptureHalfCplt), (62 bytes).
    Removing stm32f1xx_hal_tim.o(i.TIM_DMADelayPulseCplt), (62 bytes).
    Removing stm32f1xx_hal_tim.o(i.TIM_DMADelayPulseHalfCplt), (62 bytes).
    Removing stm32f1xx_hal_tim.o(i.TIM_DMAError), (16 bytes).
    Removing stm32f1xx_hal_tim.o(i.TIM_DMAPeriodElapsedCplt), (16 bytes).
    Removing stm32f1xx_hal_tim.o(i.TIM_DMAPeriodElapsedHalfCplt), (16 bytes).
    Removing stm32f1xx_hal_tim.o(i.TIM_DMATriggerCplt), (16 bytes).
    Removing stm32f1xx_hal_tim.o(i.TIM_DMATriggerHalfCplt), (16 bytes).
    Removing stm32f1xx_hal_tim.o(i.TIM_SlaveTimer_SetConfig), (564 bytes).
    Removing stm32f1xx_hal_tim.o(i.TIM_TI1_SetConfig), (100 bytes).
    Removing stm32f1xx_hal_tim.o(i.TIM_TI2_SetConfig), (54 bytes).
    Removing stm32f1xx_hal_tim_ex.o(.rev16_text), (4 bytes).
    Removing stm32f1xx_hal_tim_ex.o(.revsh_text), (4 bytes).
    Removing stm32f1xx_hal_tim_ex.o(.rrx_text), (6 bytes).
    Removing stm32f1xx_hal_tim_ex.o(i.HAL_TIMEx_CommutHalfCpltCallback), (2 bytes).
    Removing stm32f1xx_hal_tim_ex.o(i.HAL_TIMEx_ConfigCommutEvent), (232 bytes).
    Removing stm32f1xx_hal_tim_ex.o(i.HAL_TIMEx_ConfigCommutEvent_DMA), (260 bytes).
    Removing stm32f1xx_hal_tim_ex.o(i.HAL_TIMEx_ConfigCommutEvent_IT), (232 bytes).
    Removing stm32f1xx_hal_tim_ex.o(i.HAL_TIMEx_HallSensor_DeInit), (192 bytes).
    Removing stm32f1xx_hal_tim_ex.o(i.HAL_TIMEx_HallSensor_GetState), (6 bytes).
    Removing stm32f1xx_hal_tim_ex.o(i.HAL_TIMEx_HallSensor_Init), (432 bytes).
    Removing stm32f1xx_hal_tim_ex.o(i.HAL_TIMEx_HallSensor_MspDeInit), (2 bytes).
    Removing stm32f1xx_hal_tim_ex.o(i.HAL_TIMEx_HallSensor_MspInit), (2 bytes).
    Removing stm32f1xx_hal_tim_ex.o(i.HAL_TIMEx_HallSensor_Start), (156 bytes).
    Removing stm32f1xx_hal_tim_ex.o(i.HAL_TIMEx_HallSensor_Start_DMA), (248 bytes).
    Removing stm32f1xx_hal_tim_ex.o(i.HAL_TIMEx_HallSensor_Start_IT), (168 bytes).
    Removing stm32f1xx_hal_tim_ex.o(i.HAL_TIMEx_HallSensor_Stop), (164 bytes).
    Removing stm32f1xx_hal_tim_ex.o(i.HAL_TIMEx_HallSensor_Stop_DMA), (180 bytes).
    Removing stm32f1xx_hal_tim_ex.o(i.HAL_TIMEx_HallSensor_Stop_IT), (176 bytes).
    Removing stm32f1xx_hal_tim_ex.o(i.HAL_TIMEx_OCN_Start), (144 bytes).
    Removing stm32f1xx_hal_tim_ex.o(i.HAL_TIMEx_OCN_Start_DMA), (328 bytes).
    Removing stm32f1xx_hal_tim_ex.o(i.HAL_TIMEx_OCN_Start_IT), (196 bytes).
    Removing stm32f1xx_hal_tim_ex.o(i.HAL_TIMEx_OCN_Stop), (164 bytes).
    Removing stm32f1xx_hal_tim_ex.o(i.HAL_TIMEx_OCN_Stop_DMA), (228 bytes).
    Removing stm32f1xx_hal_tim_ex.o(i.HAL_TIMEx_OCN_Stop_IT), (224 bytes).
    Removing stm32f1xx_hal_tim_ex.o(i.HAL_TIMEx_OnePulseN_Start), (124 bytes).
    Removing stm32f1xx_hal_tim_ex.o(i.HAL_TIMEx_OnePulseN_Start_IT), (144 bytes).
    Removing stm32f1xx_hal_tim_ex.o(i.HAL_TIMEx_OnePulseN_Stop), (164 bytes).
    Removing stm32f1xx_hal_tim_ex.o(i.HAL_TIMEx_OnePulseN_Stop_IT), (184 bytes).
    Removing stm32f1xx_hal_tim_ex.o(i.HAL_TIMEx_PWMN_Start), (144 bytes).
    Removing stm32f1xx_hal_tim_ex.o(i.HAL_TIMEx_PWMN_Start_DMA), (328 bytes).
    Removing stm32f1xx_hal_tim_ex.o(i.HAL_TIMEx_PWMN_Start_IT), (196 bytes).
    Removing stm32f1xx_hal_tim_ex.o(i.HAL_TIMEx_PWMN_Stop), (164 bytes).
    Removing stm32f1xx_hal_tim_ex.o(i.HAL_TIMEx_PWMN_Stop_DMA), (228 bytes).
    Removing stm32f1xx_hal_tim_ex.o(i.HAL_TIMEx_PWMN_Stop_IT), (224 bytes).
    Removing stm32f1xx_hal_tim_ex.o(i.HAL_TIMEx_RemapConfig), (4 bytes).
    Removing stm32f1xx_hal_tim_ex.o(i.TIMEx_DMACommutationCplt), (16 bytes).
    Removing stm32f1xx_hal_tim_ex.o(i.TIMEx_DMACommutationHalfCplt), (16 bytes).
    Removing stm32f1xx_hal_tim_ex.o(i.TIM_CCxNChannelCmd), (26 bytes).
    Removing stm32f1xx_hal_uart.o(.rev16_text), (4 bytes).
    Removing stm32f1xx_hal_uart.o(.revsh_text), (4 bytes).
    Removing stm32f1xx_hal_uart.o(.rrx_text), (6 bytes).
    Removing stm32f1xx_hal_uart.o(i.HAL_HalfDuplex_EnableReceiver), (50 bytes).
    Removing stm32f1xx_hal_uart.o(i.HAL_HalfDuplex_EnableTransmitter), (50 bytes).
    Removing stm32f1xx_hal_uart.o(i.HAL_HalfDuplex_Init), (252 bytes).
    Removing stm32f1xx_hal_uart.o(i.HAL_LIN_Init), (280 bytes).
    Removing stm32f1xx_hal_uart.o(i.HAL_LIN_SendBreak), (172 bytes).
    Removing stm32f1xx_hal_uart.o(i.HAL_MultiProcessor_EnterMuteMode), (172 bytes).
    Removing stm32f1xx_hal_uart.o(i.HAL_MultiProcessor_ExitMuteMode), (172 bytes).
    Removing stm32f1xx_hal_uart.o(i.HAL_MultiProcessor_Init), (316 bytes).
    Removing stm32f1xx_hal_uart.o(i.HAL_UART_Abort), (138 bytes).
    Removing stm32f1xx_hal_uart.o(i.HAL_UART_AbortCpltCallback), (2 bytes).
    Removing stm32f1xx_hal_uart.o(i.HAL_UART_AbortReceive), (88 bytes).
    Removing stm32f1xx_hal_uart.o(i.HAL_UART_AbortReceiveCpltCallback), (2 bytes).
    Removing stm32f1xx_hal_uart.o(i.HAL_UART_AbortReceive_IT), (92 bytes).
    Removing stm32f1xx_hal_uart.o(i.HAL_UART_AbortTransmit), (78 bytes).
    Removing stm32f1xx_hal_uart.o(i.HAL_UART_AbortTransmitCpltCallback), (2 bytes).
    Removing stm32f1xx_hal_uart.o(i.HAL_UART_AbortTransmit_IT), (84 bytes).
    Removing stm32f1xx_hal_uart.o(i.HAL_UART_Abort_IT), (172 bytes).
    Removing stm32f1xx_hal_uart.o(i.HAL_UART_DMAPause), (102 bytes).
    Removing stm32f1xx_hal_uart.o(i.HAL_UART_DMAResume), (94 bytes).
    Removing stm32f1xx_hal_uart.o(i.HAL_UART_DMAStop), (88 bytes).
    Removing stm32f1xx_hal_uart.o(i.HAL_UART_DeInit), (172 bytes).
    Removing stm32f1xx_hal_uart.o(i.HAL_UART_GetError), (4 bytes).
    Removing stm32f1xx_hal_uart.o(i.HAL_UART_GetState), (10 bytes).
    Removing stm32f1xx_hal_uart.o(i.HAL_UART_MspDeInit), (2 bytes).
    Removing stm32f1xx_hal_uart.o(i.HAL_UART_MspInit), (2 bytes).
    Removing stm32f1xx_hal_uart.o(i.HAL_UART_Receive), (184 bytes).
    Removing stm32f1xx_hal_uart.o(i.HAL_UART_Receive_DMA), (152 bytes).
    Removing stm32f1xx_hal_uart.o(i.HAL_UART_RxCpltCallback), (2 bytes).
    Removing stm32f1xx_hal_uart.o(i.HAL_UART_RxHalfCpltCallback), (2 bytes).
    Removing stm32f1xx_hal_uart.o(i.HAL_UART_Transmit_DMA), (128 bytes).
    Removing stm32f1xx_hal_uart.o(i.HAL_UART_Transmit_IT), (62 bytes).
    Removing stm32f1xx_hal_uart.o(i.HAL_UART_TxHalfCpltCallback), (2 bytes).
    Removing stm32f1xx_hal_uart.o(i.UART_DMAError), (74 bytes).
    Removing stm32f1xx_hal_uart.o(i.UART_DMAReceiveCplt), (60 bytes).
    Removing stm32f1xx_hal_uart.o(i.UART_DMARxAbortCallback), (42 bytes).
    Removing stm32f1xx_hal_uart.o(i.UART_DMARxHalfCplt), (10 bytes).
    Removing stm32f1xx_hal_uart.o(i.UART_DMARxOnlyAbortCallback), (20 bytes).
    Removing stm32f1xx_hal_uart.o(i.UART_DMATransmitCplt), (46 bytes).
    Removing stm32f1xx_hal_uart.o(i.UART_DMATxAbortCallback), (42 bytes).
    Removing stm32f1xx_hal_uart.o(i.UART_DMATxHalfCplt), (10 bytes).
    Removing stm32f1xx_hal_uart.o(i.UART_DMATxOnlyAbortCallback), (20 bytes).
    Removing stm32f1xx_hal_uart.o(i.UART_EndTxTransfer), (18 bytes).
    Removing system_stm32f1xx.o(.rev16_text), (4 bytes).
    Removing system_stm32f1xx.o(.revsh_text), (4 bytes).
    Removing system_stm32f1xx.o(.rrx_text), (6 bytes).
    Removing system_stm32f1xx.o(i.SystemCoreClockUpdate), (164 bytes).
    Removing dadd.o(.text), (334 bytes).
    Removing dmul.o(.text), (228 bytes).
    Removing ddiv.o(.text), (222 bytes).
    Removing dfixul.o(.text), (48 bytes).
    Removing cdrcmple.o(.text), (48 bytes).
    Removing depilogue.o(.text), (186 bytes).

448 unused section(s) (total 48256 bytes) removed from the image.

==============================================================================

Image Symbol Table

    Local Symbols

    Symbol Name                              Value     Ov Type        Size  Object(Section)

    ../Drivers/STM32F1xx_HAL_Driver/Src/stm32f1xx_hal.c 0x00000000   Number         0  stm32f1xx_hal.o ABSOLUTE
    ../Drivers/STM32F1xx_HAL_Driver/Src/stm32f1xx_hal_adc.c 0x00000000   Number         0  stm32f1xx_hal_adc.o ABSOLUTE
    ../Drivers/STM32F1xx_HAL_Driver/Src/stm32f1xx_hal_adc_ex.c 0x00000000   Number         0  stm32f1xx_hal_adc_ex.o ABSOLUTE
    ../Drivers/STM32F1xx_HAL_Driver/Src/stm32f1xx_hal_cortex.c 0x00000000   Number         0  stm32f1xx_hal_cortex.o ABSOLUTE
    ../Drivers/STM32F1xx_HAL_Driver/Src/stm32f1xx_hal_dma.c 0x00000000   Number         0  stm32f1xx_hal_dma.o ABSOLUTE
    ../Drivers/STM32F1xx_HAL_Driver/Src/stm32f1xx_hal_exti.c 0x00000000   Number         0  stm32f1xx_hal_exti.o ABSOLUTE
    ../Drivers/STM32F1xx_HAL_Driver/Src/stm32f1xx_hal_flash.c 0x00000000   Number         0  stm32f1xx_hal_flash.o ABSOLUTE
    ../Drivers/STM32F1xx_HAL_Driver/Src/stm32f1xx_hal_flash_ex.c 0x00000000   Number         0  stm32f1xx_hal_flash_ex.o ABSOLUTE
    ../Drivers/STM32F1xx_HAL_Driver/Src/stm32f1xx_hal_gpio.c 0x00000000   Number         0  stm32f1xx_hal_gpio.o ABSOLUTE
    ../Drivers/STM32F1xx_HAL_Driver/Src/stm32f1xx_hal_gpio_ex.c 0x00000000   Number         0  stm32f1xx_hal_gpio_ex.o ABSOLUTE
    ../Drivers/STM32F1xx_HAL_Driver/Src/stm32f1xx_hal_pwr.c 0x00000000   Number         0  stm32f1xx_hal_pwr.o ABSOLUTE
    ../Drivers/STM32F1xx_HAL_Driver/Src/stm32f1xx_hal_rcc.c 0x00000000   Number         0  stm32f1xx_hal_rcc.o ABSOLUTE
    ../Drivers/STM32F1xx_HAL_Driver/Src/stm32f1xx_hal_rcc_ex.c 0x00000000   Number         0  stm32f1xx_hal_rcc_ex.o ABSOLUTE
    ../Drivers/STM32F1xx_HAL_Driver/Src/stm32f1xx_hal_tim.c 0x00000000   Number         0  stm32f1xx_hal_tim.o ABSOLUTE
    ../Drivers/STM32F1xx_HAL_Driver/Src/stm32f1xx_hal_tim_ex.c 0x00000000   Number         0  stm32f1xx_hal_tim_ex.o ABSOLUTE
    ../Drivers/STM32F1xx_HAL_Driver/Src/stm32f1xx_hal_uart.c 0x00000000   Number         0  stm32f1xx_hal_uart.o ABSOLUTE
    ../Src/main.c                            0x00000000   Number         0  main.o ABSOLUTE
    ../Src/stm32f1xx_hal_msp.c               0x00000000   Number         0  stm32f1xx_hal_msp.o ABSOLUTE
    ../Src/stm32f1xx_it.c                    0x00000000   Number         0  stm32f1xx_it.o ABSOLUTE
    ../Src/system_stm32f1xx.c                0x00000000   Number         0  system_stm32f1xx.o ABSOLUTE
    ../clib/microlib/division.c              0x00000000   Number         0  uidiv.o ABSOLUTE
    ../clib/microlib/division.c              0x00000000   Number         0  uldiv.o ABSOLUTE
    ../clib/microlib/init/entry.s            0x00000000   Number         0  entry5.o ABSOLUTE
    ../clib/microlib/init/entry.s            0x00000000   Number         0  entry11b.o ABSOLUTE
    ../clib/microlib/init/entry.s            0x00000000   Number         0  entry11a.o ABSOLUTE
    ../clib/microlib/init/entry.s            0x00000000   Number         0  entry.o ABSOLUTE
    ../clib/microlib/init/entry.s            0x00000000   Number         0  entry2.o ABSOLUTE
    ../clib/microlib/init/entry.s            0x00000000   Number         0  entry10b.o ABSOLUTE
    ../clib/microlib/init/entry.s            0x00000000   Number         0  entry10a.o ABSOLUTE
    ../clib/microlib/init/entry.s            0x00000000   Number         0  entry9b.o ABSOLUTE
    ../clib/microlib/init/entry.s            0x00000000   Number         0  entry9a.o ABSOLUTE
    ../clib/microlib/init/entry.s            0x00000000   Number         0  entry8b.o ABSOLUTE
    ../clib/microlib/init/entry.s            0x00000000   Number         0  entry8a.o ABSOLUTE
    ../clib/microlib/init/entry.s            0x00000000   Number         0  entry7b.o ABSOLUTE
    ../clib/microlib/init/entry.s            0x00000000   Number         0  entry7a.o ABSOLUTE
    ../clib/microlib/longlong.c              0x00000000   Number         0  llshl.o ABSOLUTE
    ../clib/microlib/longlong.c              0x00000000   Number         0  llsshr.o ABSOLUTE
    ../clib/microlib/longlong.c              0x00000000   Number         0  llushr.o ABSOLUTE
    ../clib/microlib/printf/printf.c         0x00000000   Number         0  printf4.o ABSOLUTE
    ../clib/microlib/printf/printf.c         0x00000000   Number         0  printf3.o ABSOLUTE
    ../clib/microlib/printf/printf.c         0x00000000   Number         0  printf2.o ABSOLUTE
    ../clib/microlib/printf/printf.c         0x00000000   Number         0  printf1.o ABSOLUTE
    ../clib/microlib/printf/printf.c         0x00000000   Number         0  printf0.o ABSOLUTE
    ../clib/microlib/printf/printf.c         0x00000000   Number         0  printfb.o ABSOLUTE
    ../clib/microlib/printf/printf.c         0x00000000   Number         0  printfa.o ABSOLUTE
    ../clib/microlib/printf/printf.c         0x00000000   Number         0  printf8.o ABSOLUTE
    ../clib/microlib/printf/printf.c         0x00000000   Number         0  printf7.o ABSOLUTE
    ../clib/microlib/printf/printf.c         0x00000000   Number         0  printf6.o ABSOLUTE
    ../clib/microlib/printf/printf.c         0x00000000   Number         0  printf5.o ABSOLUTE
    ../clib/microlib/printf/stubs.s          0x00000000   Number         0  stubs.o ABSOLUTE
    ../clib/microlib/stdio/fputc.c           0x00000000   Number         0  fputc.o ABSOLUTE
    ../clib/microlib/stdio/semi.s            0x00000000   Number         0  semi.o ABSOLUTE
    ../clib/microlib/stdio/streams.c         0x00000000   Number         0  stdout.o ABSOLUTE
    ../clib/microlib/string/memset.c         0x00000000   Number         0  memseta.o ABSOLUTE
    ../clib/microlib/string/strcmp.c         0x00000000   Number         0  strcmp.o ABSOLUTE
    ../clib/microlib/string/strcpy.c         0x00000000   Number         0  strcpy.o ABSOLUTE
    ../clib/microlib/string/strlen.c         0x00000000   Number         0  strlen.o ABSOLUTE
    ../clib/microlib/stubs.s                 0x00000000   Number         0  iusefp.o ABSOLUTE
    ../clib/microlib/stubs.s                 0x00000000   Number         0  iusesemip.o ABSOLUTE
    ../fplib/microlib/fpadd.c                0x00000000   Number         0  dadd.o ABSOLUTE
    ../fplib/microlib/fpdiv.c                0x00000000   Number         0  ddiv.o ABSOLUTE
    ../fplib/microlib/fpepilogue.c           0x00000000   Number         0  depilogue.o ABSOLUTE
    ../fplib/microlib/fpfix.c                0x00000000   Number         0  dfixul.o ABSOLUTE
    ../fplib/microlib/fpmul.c                0x00000000   Number         0  dmul.o ABSOLUTE
    ..\Drivers\STM32F1xx_HAL_Driver\Src\stm32f1xx_hal.c 0x00000000   Number         0  stm32f1xx_hal.o ABSOLUTE
    ..\Drivers\STM32F1xx_HAL_Driver\Src\stm32f1xx_hal_adc.c 0x00000000   Number         0  stm32f1xx_hal_adc.o ABSOLUTE
    ..\Drivers\STM32F1xx_HAL_Driver\Src\stm32f1xx_hal_adc_ex.c 0x00000000   Number         0  stm32f1xx_hal_adc_ex.o ABSOLUTE
    ..\Drivers\STM32F1xx_HAL_Driver\Src\stm32f1xx_hal_cortex.c 0x00000000   Number         0  stm32f1xx_hal_cortex.o ABSOLUTE
    ..\Drivers\STM32F1xx_HAL_Driver\Src\stm32f1xx_hal_dma.c 0x00000000   Number         0  stm32f1xx_hal_dma.o ABSOLUTE
    ..\Drivers\STM32F1xx_HAL_Driver\Src\stm32f1xx_hal_exti.c 0x00000000   Number         0  stm32f1xx_hal_exti.o ABSOLUTE
    ..\Drivers\STM32F1xx_HAL_Driver\Src\stm32f1xx_hal_flash.c 0x00000000   Number         0  stm32f1xx_hal_flash.o ABSOLUTE
    ..\Drivers\STM32F1xx_HAL_Driver\Src\stm32f1xx_hal_flash_ex.c 0x00000000   Number         0  stm32f1xx_hal_flash_ex.o ABSOLUTE
    ..\Drivers\STM32F1xx_HAL_Driver\Src\stm32f1xx_hal_gpio.c 0x00000000   Number         0  stm32f1xx_hal_gpio.o ABSOLUTE
    ..\Drivers\STM32F1xx_HAL_Driver\Src\stm32f1xx_hal_gpio_ex.c 0x00000000   Number         0  stm32f1xx_hal_gpio_ex.o ABSOLUTE
    ..\Drivers\STM32F1xx_HAL_Driver\Src\stm32f1xx_hal_pwr.c 0x00000000   Number         0  stm32f1xx_hal_pwr.o ABSOLUTE
    ..\Drivers\STM32F1xx_HAL_Driver\Src\stm32f1xx_hal_rcc.c 0x00000000   Number         0  stm32f1xx_hal_rcc.o ABSOLUTE
    ..\Drivers\STM32F1xx_HAL_Driver\Src\stm32f1xx_hal_rcc_ex.c 0x00000000   Number         0  stm32f1xx_hal_rcc_ex.o ABSOLUTE
    ..\Drivers\STM32F1xx_HAL_Driver\Src\stm32f1xx_hal_tim.c 0x00000000   Number         0  stm32f1xx_hal_tim.o ABSOLUTE
    ..\Drivers\STM32F1xx_HAL_Driver\Src\stm32f1xx_hal_tim_ex.c 0x00000000   Number         0  stm32f1xx_hal_tim_ex.o ABSOLUTE
    ..\Drivers\STM32F1xx_HAL_Driver\Src\stm32f1xx_hal_uart.c 0x00000000   Number         0  stm32f1xx_hal_uart.o ABSOLUTE
    ..\Src\CMDHandler.c                      0x00000000   Number         0  cmdhandler.o ABSOLUTE
    ..\Src\COM.c                             0x00000000   Number         0  com.o ABSOLUTE
    ..\Src\bat.c                             0x00000000   Number         0  bat.o ABSOLUTE
    ..\Src\lora.c                            0x00000000   Number         0  lora.o ABSOLUTE
    ..\Src\main.c                            0x00000000   Number         0  main.o ABSOLUTE
    ..\Src\motor.c                           0x00000000   Number         0  motor.o ABSOLUTE
    ..\Src\stm32f1xx_hal_msp.c               0x00000000   Number         0  stm32f1xx_hal_msp.o ABSOLUTE
    ..\Src\stm32f1xx_it.c                    0x00000000   Number         0  stm32f1xx_it.o ABSOLUTE
    ..\Src\system_stm32f1xx.c                0x00000000   Number         0  system_stm32f1xx.o ABSOLUTE
    ..\\Src\\CMDHandler.c                    0x00000000   Number         0  cmdhandler.o ABSOLUTE
    ..\\Src\\COM.c                           0x00000000   Number         0  com.o ABSOLUTE
    ..\\Src\\bat.c                           0x00000000   Number         0  bat.o ABSOLUTE
    ..\\Src\\lora.c                          0x00000000   Number         0  lora.o ABSOLUTE
    ..\\Src\\motor.c                         0x00000000   Number         0  motor.o ABSOLUTE
    cdrcmple.s                               0x00000000   Number         0  cdrcmple.o ABSOLUTE
    dc.s                                     0x00000000   Number         0  dc.o ABSOLUTE
    handlers.s                               0x00000000   Number         0  handlers.o ABSOLUTE
    init.s                                   0x00000000   Number         0  init.o ABSOLUTE
    startup_stm32f107xc.s                    0x00000000   Number         0  startup_stm32f107xc.o ABSOLUTE
    RESET                                    0x08000000   Section      336  startup_stm32f107xc.o(RESET)
    .ARM.Collect$$$$00000000                 0x08000150   Section        0  entry.o(.ARM.Collect$$$$00000000)
    .ARM.Collect$$$$00000001                 0x08000150   Section        4  entry2.o(.ARM.Collect$$$$00000001)
    .ARM.Collect$$$$00000004                 0x08000154   Section        4  entry5.o(.ARM.Collect$$$$00000004)
    .ARM.Collect$$$$00000008                 0x08000158   Section        0  entry7b.o(.ARM.Collect$$$$00000008)
    .ARM.Collect$$$$0000000A                 0x08000158   Section        0  entry8b.o(.ARM.Collect$$$$0000000A)
    .ARM.Collect$$$$0000000B                 0x08000158   Section        8  entry9a.o(.ARM.Collect$$$$0000000B)
    .ARM.Collect$$$$0000000D                 0x08000160   Section        0  entry10a.o(.ARM.Collect$$$$0000000D)
    .ARM.Collect$$$$0000000F                 0x08000160   Section        0  entry11a.o(.ARM.Collect$$$$0000000F)
    .ARM.Collect$$$$00002712                 0x08000160   Section        4  entry2.o(.ARM.Collect$$$$00002712)
    __lit__00000000                          0x08000160   Data           4  entry2.o(.ARM.Collect$$$$00002712)
    .text                                    0x08000164   Section       36  startup_stm32f107xc.o(.text)
    .text                                    0x08000188   Section        0  uldiv.o(.text)
    .text                                    0x080001ea   Section        0  llushr.o(.text)
    .text                                    0x0800020a   Section        0  memseta.o(.text)
    .text                                    0x0800022e   Section        0  strlen.o(.text)
    .text                                    0x0800023c   Section        0  strcmp.o(.text)
    .text                                    0x08000258   Section        0  strcpy.o(.text)
    .text                                    0x0800026a   Section        0  uidiv.o(.text)
    .text                                    0x08000296   Section        0  llshl.o(.text)
    .text                                    0x080002b4   Section       36  init.o(.text)
    i.ADC_ConversionStop_Disable             0x080002d8   Section        0  stm32f1xx_hal_adc.o(i.ADC_ConversionStop_Disable)
    i.ADC_DMAConvCplt                        0x08000324   Section        0  stm32f1xx_hal_adc.o(i.ADC_DMAConvCplt)
    i.ADC_DMAError                           0x08000372   Section        0  stm32f1xx_hal_adc.o(i.ADC_DMAError)
    i.ADC_DMAHalfConvCplt                    0x0800038c   Section        0  stm32f1xx_hal_adc.o(i.ADC_DMAHalfConvCplt)
    i.ADC_Enable                             0x08000398   Section        0  stm32f1xx_hal_adc.o(i.ADC_Enable)
    i.ARD_TX                                 0x08000408   Section        0  com.o(i.ARD_TX)
    i.Arduino_Light_Clear                    0x08000470   Section        0  com.o(i.Arduino_Light_Clear)
    i.Arduino_Light_Fill                     0x08000484   Section        0  com.o(i.Arduino_Light_Fill)
    i.Arduino_Light_Mode_Connecting          0x080004d8   Section        0  com.o(i.Arduino_Light_Mode_Connecting)
    i.Arduino_Light_Mode_Normal              0x080004fc   Section        0  com.o(i.Arduino_Light_Mode_Normal)
    i.Arduino_Light_Tansmitt                 0x08000554   Section        0  com.o(i.Arduino_Light_Tansmitt)
    i.Arduino_responded                      0x08000568   Section        0  com.o(i.Arduino_responded)
    i.Ardunio_Ready                          0x08000580   Section        0  com.o(i.Ardunio_Ready)
    i.BATCheck                               0x08000590   Section        0  bat.o(i.BATCheck)
    i.BatLED                                 0x080007b0   Section        0  bat.o(i.BatLED)
    i.CH_BUFFER                              0x0800083c   Section        0  cmdhandler.o(i.CH_BUFFER)
    i.CH_HANDLER                             0x080008a4   Section        0  cmdhandler.o(i.CH_HANDLER)
    i.COM_TX                                 0x080009c0   Section        0  com.o(i.COM_TX)
    i.DMA1_Channel1_IRQHandler               0x080009e0   Section        0  stm32f1xx_it.o(i.DMA1_Channel1_IRQHandler)
    i.DMA_SetConfig                          0x080009ec   Section        0  stm32f1xx_hal_dma.o(i.DMA_SetConfig)
    DMA_SetConfig                            0x080009ed   Thumb Code    42  stm32f1xx_hal_dma.o(i.DMA_SetConfig)
    i.Error_Handler                          0x08000a18   Section        0  main.o(i.Error_Handler)
    i.HAL_ADC_ConfigChannel                  0x08000a28   Section        0  stm32f1xx_hal_adc.o(i.HAL_ADC_ConfigChannel)
    i.HAL_ADC_ConvCpltCallback               0x08000c48   Section        0  main.o(i.HAL_ADC_ConvCpltCallback)
    i.HAL_ADC_ConvHalfCpltCallback           0x08000c58   Section        0  stm32f1xx_hal_adc.o(i.HAL_ADC_ConvHalfCpltCallback)
    i.HAL_ADC_ErrorCallback                  0x08000c5a   Section        0  stm32f1xx_hal_adc.o(i.HAL_ADC_ErrorCallback)
    i.HAL_ADC_Init                           0x08000c5c   Section        0  stm32f1xx_hal_adc.o(i.HAL_ADC_Init)
    i.HAL_ADC_MspInit                        0x08000e7c   Section        0  stm32f1xx_hal_msp.o(i.HAL_ADC_MspInit)
    i.HAL_ADC_Start_DMA                      0x08000f0c   Section        0  stm32f1xx_hal_adc.o(i.HAL_ADC_Start_DMA)
    i.HAL_DMA_Abort_IT                       0x08001060   Section        0  stm32f1xx_hal_dma.o(i.HAL_DMA_Abort_IT)
    i.HAL_DMA_IRQHandler                     0x08001190   Section        0  stm32f1xx_hal_dma.o(i.HAL_DMA_IRQHandler)
    i.HAL_DMA_Init                           0x080013d8   Section        0  stm32f1xx_hal_dma.o(i.HAL_DMA_Init)
    i.HAL_DMA_Start_IT                       0x08001588   Section        0  stm32f1xx_hal_dma.o(i.HAL_DMA_Start_IT)
    i.HAL_GPIO_Init                          0x08001654   Section        0  stm32f1xx_hal_gpio.o(i.HAL_GPIO_Init)
    i.HAL_GPIO_WritePin                      0x08001978   Section        0  stm32f1xx_hal_gpio.o(i.HAL_GPIO_WritePin)
    i.HAL_GetTick                            0x080019e4   Section        0  stm32f1xx_hal.o(i.HAL_GetTick)
    i.HAL_Init                               0x080019f0   Section        0  stm32f1xx_hal.o(i.HAL_Init)
    i.HAL_InitTick                           0x08001a14   Section        0  stm32f1xx_hal.o(i.HAL_InitTick)
    i.HAL_MspInit                            0x08001a54   Section        0  stm32f1xx_hal_msp.o(i.HAL_MspInit)
    i.HAL_NVIC_EnableIRQ                     0x08001a90   Section        0  stm32f1xx_hal_cortex.o(i.HAL_NVIC_EnableIRQ)
    i.HAL_NVIC_SetPriority                   0x08001af4   Section        0  stm32f1xx_hal_cortex.o(i.HAL_NVIC_SetPriority)
    i.HAL_NVIC_SetPriorityGrouping           0x08001b94   Section        0  stm32f1xx_hal_cortex.o(i.HAL_NVIC_SetPriorityGrouping)
    i.HAL_RCCEx_PeriphCLKConfig              0x08001c14   Section        0  stm32f1xx_hal_rcc_ex.o(i.HAL_RCCEx_PeriphCLKConfig)
    i.HAL_RCC_ClockConfig                    0x08001efc   Section        0  stm32f1xx_hal_rcc.o(i.HAL_RCC_ClockConfig)
    i.HAL_RCC_GetPCLK1Freq                   0x08002128   Section        0  stm32f1xx_hal_rcc.o(i.HAL_RCC_GetPCLK1Freq)
    i.HAL_RCC_GetPCLK2Freq                   0x08002148   Section        0  stm32f1xx_hal_rcc.o(i.HAL_RCC_GetPCLK2Freq)
    i.HAL_RCC_GetSysClockFreq                0x08002168   Section        0  stm32f1xx_hal_rcc.o(i.HAL_RCC_GetSysClockFreq)
    i.HAL_RCC_MCOConfig                      0x0800222c   Section        0  stm32f1xx_hal_rcc.o(i.HAL_RCC_MCOConfig)
    i.HAL_RCC_OscConfig                      0x0800230c   Section        0  stm32f1xx_hal_rcc.o(i.HAL_RCC_OscConfig)
    i.HAL_SYSTICK_Config                     0x0800292a   Section        0  stm32f1xx_hal_cortex.o(i.HAL_SYSTICK_Config)
    i.HAL_TIMEx_BreakCallback                0x08002952   Section        0  stm32f1xx_hal_tim_ex.o(i.HAL_TIMEx_BreakCallback)
    i.HAL_TIMEx_CommutCallback               0x08002954   Section        0  stm32f1xx_hal_tim_ex.o(i.HAL_TIMEx_CommutCallback)
    i.HAL_TIMEx_ConfigBreakDeadTime          0x08002958   Section        0  stm32f1xx_hal_tim_ex.o(i.HAL_TIMEx_ConfigBreakDeadTime)
    i.HAL_TIMEx_MasterConfigSynchronization  0x08002a98   Section        0  stm32f1xx_hal_tim_ex.o(i.HAL_TIMEx_MasterConfigSynchronization)
    i.HAL_TIM_Base_Init                      0x08002ba4   Section        0  stm32f1xx_hal_tim.o(i.HAL_TIM_Base_Init)
    i.HAL_TIM_Base_MspInit                   0x08002cac   Section        0  stm32f1xx_hal_msp.o(i.HAL_TIM_Base_MspInit)
    i.HAL_TIM_Base_Start_IT                  0x08002d18   Section        0  stm32f1xx_hal_tim.o(i.HAL_TIM_Base_Start_IT)
    i.HAL_TIM_Base_Stop_IT                   0x08002dc4   Section        0  stm32f1xx_hal_tim.o(i.HAL_TIM_Base_Stop_IT)
    i.HAL_TIM_ConfigClockSource              0x08002e78   Section        0  stm32f1xx_hal_tim.o(i.HAL_TIM_ConfigClockSource)
    i.HAL_TIM_IC_CaptureCallback             0x080031e4   Section        0  stm32f1xx_hal_tim.o(i.HAL_TIM_IC_CaptureCallback)
    i.HAL_TIM_IRQHandler                     0x080031e6   Section        0  stm32f1xx_hal_tim.o(i.HAL_TIM_IRQHandler)
    i.HAL_TIM_MspPostInit                    0x0800334c   Section        0  stm32f1xx_hal_msp.o(i.HAL_TIM_MspPostInit)
    i.HAL_TIM_OC_DelayElapsedCallback        0x080033b0   Section        0  stm32f1xx_hal_tim.o(i.HAL_TIM_OC_DelayElapsedCallback)
    i.HAL_TIM_PWM_ConfigChannel              0x080033b4   Section        0  stm32f1xx_hal_tim.o(i.HAL_TIM_PWM_ConfigChannel)
    i.HAL_TIM_PWM_Init                       0x080035bc   Section        0  stm32f1xx_hal_tim.o(i.HAL_TIM_PWM_Init)
    i.HAL_TIM_PWM_MspInit                    0x080036c4   Section        0  stm32f1xx_hal_tim.o(i.HAL_TIM_PWM_MspInit)
    i.HAL_TIM_PWM_PulseFinishedCallback      0x080036c6   Section        0  stm32f1xx_hal_tim.o(i.HAL_TIM_PWM_PulseFinishedCallback)
    i.HAL_TIM_PeriodElapsedCallback          0x080036c8   Section        0  main.o(i.HAL_TIM_PeriodElapsedCallback)
    i.HAL_TIM_TriggerCallback                0x080036e0   Section        0  stm32f1xx_hal_tim.o(i.HAL_TIM_TriggerCallback)
    i.HAL_UART_ErrorCallback                 0x080036e2   Section        0  stm32f1xx_hal_uart.o(i.HAL_UART_ErrorCallback)
    i.HAL_UART_IRQHandler                    0x080036e4   Section        0  stm32f1xx_hal_uart.o(i.HAL_UART_IRQHandler)
    i.HAL_UART_Init                          0x080037f4   Section        0  stm32f1xx_hal_uart.o(i.HAL_UART_Init)
    i.HAL_UART_MspInit                       0x0800391c   Section        0  stm32f1xx_hal_msp.o(i.HAL_UART_MspInit)
    i.HAL_UART_Receive_IT                    0x08003a98   Section        0  stm32f1xx_hal_uart.o(i.HAL_UART_Receive_IT)
    i.HAL_UART_RxCpltCallback                0x08003aec   Section        0  main.o(i.HAL_UART_RxCpltCallback)
    i.HAL_UART_Transmit                      0x08003b88   Section        0  stm32f1xx_hal_uart.o(i.HAL_UART_Transmit)
    i.HAL_UART_TxCpltCallback                0x08003c42   Section        0  stm32f1xx_hal_uart.o(i.HAL_UART_TxCpltCallback)
    i.LORA_BUFFER                            0x08003c44   Section        0  cmdhandler.o(i.LORA_BUFFER)
    i.LORA_HANDLER                           0x08003c84   Section        0  cmdhandler.o(i.LORA_HANDLER)
    i.LORA_TX                                0x08003d88   Section        0  com.o(i.LORA_TX)
    i.Lora                                   0x08003dc0   Section        0  com.o(i.Lora)
    i.Lora_DTS                               0x08003ee4   Section        0  com.o(i.Lora_DTS)
    i.Lora_RxFlag                            0x08003f10   Section        0  com.o(i.Lora_RxFlag)
    i.MX_ADC1_Init                           0x08003f28   Section        0  main.o(i.MX_ADC1_Init)
    MX_ADC1_Init                             0x08003f29   Thumb Code   186  main.o(i.MX_ADC1_Init)
    i.MX_GPIO_Init                           0x08003ff0   Section        0  main.o(i.MX_GPIO_Init)
    MX_GPIO_Init                             0x08003ff1   Thumb Code   326  main.o(i.MX_GPIO_Init)
    i.MX_TIM1_Init                           0x08004150   Section        0  main.o(i.MX_TIM1_Init)
    MX_TIM1_Init                             0x08004151   Thumb Code   198  main.o(i.MX_TIM1_Init)
    i.MX_TIM2_Init                           0x08004224   Section        0  main.o(i.MX_TIM2_Init)
    MX_TIM2_Init                             0x08004225   Thumb Code    96  main.o(i.MX_TIM2_Init)
    i.MX_TIM3_Init                           0x0800428c   Section        0  main.o(i.MX_TIM3_Init)
    MX_TIM3_Init                             0x0800428d   Thumb Code   102  main.o(i.MX_TIM3_Init)
    i.Send_Tim3Value                         0x08004300   Section        0  lora.o(i.Send_Tim3Value)
    i.SumBAT                                 0x08004320   Section        0  bat.o(i.SumBAT)
    i.SysTick_Handler                        0x080043ac   Section        0  stm32f1xx_it.o(i.SysTick_Handler)
    i.SystemClock_Config                     0x080043b0   Section        0  main.o(i.SystemClock_Config)
    i.SystemInit                             0x08004458   Section        0  system_stm32f1xx.o(i.SystemInit)
    i.TIM3_IRQHandler                        0x080044ac   Section        0  stm32f1xx_it.o(i.TIM3_IRQHandler)
    i.TIM_Base_SetConfig                     0x080044b8   Section        0  stm32f1xx_hal_tim.o(i.TIM_Base_SetConfig)
    i.TIM_ETR_SetConfig                      0x08004534   Section        0  stm32f1xx_hal_tim.o(i.TIM_ETR_SetConfig)
    i.TIM_ITRx_SetConfig                     0x08004548   Section        0  stm32f1xx_hal_tim.o(i.TIM_ITRx_SetConfig)
    TIM_ITRx_SetConfig                       0x08004549   Thumb Code    16  stm32f1xx_hal_tim.o(i.TIM_ITRx_SetConfig)
    i.TIM_OC1_SetConfig                      0x08004558   Section        0  stm32f1xx_hal_tim.o(i.TIM_OC1_SetConfig)
    TIM_OC1_SetConfig                        0x08004559   Thumb Code   144  stm32f1xx_hal_tim.o(i.TIM_OC1_SetConfig)
    i.TIM_OC2_SetConfig                      0x08004624   Section        0  stm32f1xx_hal_tim.o(i.TIM_OC2_SetConfig)
    i.TIM_OC3_SetConfig                      0x080046f8   Section        0  stm32f1xx_hal_tim.o(i.TIM_OC3_SetConfig)
    TIM_OC3_SetConfig                        0x080046f9   Thumb Code   152  stm32f1xx_hal_tim.o(i.TIM_OC3_SetConfig)
    i.TIM_OC4_SetConfig                      0x080047cc   Section        0  stm32f1xx_hal_tim.o(i.TIM_OC4_SetConfig)
    TIM_OC4_SetConfig                        0x080047cd   Thumb Code    94  stm32f1xx_hal_tim.o(i.TIM_OC4_SetConfig)
    i.TIM_TI1_ConfigInputStage               0x08004868   Section        0  stm32f1xx_hal_tim.o(i.TIM_TI1_ConfigInputStage)
    TIM_TI1_ConfigInputStage                 0x08004869   Thumb Code    34  stm32f1xx_hal_tim.o(i.TIM_TI1_ConfigInputStage)
    i.TIM_TI2_ConfigInputStage               0x0800488a   Section        0  stm32f1xx_hal_tim.o(i.TIM_TI2_ConfigInputStage)
    TIM_TI2_ConfigInputStage                 0x0800488b   Thumb Code    36  stm32f1xx_hal_tim.o(i.TIM_TI2_ConfigInputStage)
    i.UART4_IRQHandler                       0x080048b0   Section        0  stm32f1xx_it.o(i.UART4_IRQHandler)
    i.UART_DMAAbortOnError                   0x080048bc   Section        0  stm32f1xx_hal_uart.o(i.UART_DMAAbortOnError)
    UART_DMAAbortOnError                     0x080048bd   Thumb Code    16  stm32f1xx_hal_uart.o(i.UART_DMAAbortOnError)
    i.UART_EndRxTransfer                     0x080048cc   Section        0  stm32f1xx_hal_uart.o(i.UART_EndRxTransfer)
    UART_EndRxTransfer                       0x080048cd   Thumb Code    28  stm32f1xx_hal_uart.o(i.UART_EndRxTransfer)
    i.UART_Receive_IT                        0x080048e8   Section        0  stm32f1xx_hal_uart.o(i.UART_Receive_IT)
    UART_Receive_IT                          0x080048e9   Thumb Code   150  stm32f1xx_hal_uart.o(i.UART_Receive_IT)
    i.UART_SetConfig                         0x08004980   Section        0  stm32f1xx_hal_uart.o(i.UART_SetConfig)
    UART_SetConfig                           0x08004981   Thumb Code   264  stm32f1xx_hal_uart.o(i.UART_SetConfig)
    i.UART_Transmit_IT                       0x08004acc   Section        0  stm32f1xx_hal_uart.o(i.UART_Transmit_IT)
    UART_Transmit_IT                         0x08004acd   Thumb Code    98  stm32f1xx_hal_uart.o(i.UART_Transmit_IT)
    i.UART_WaitOnFlagUntilTimeout            0x08004b2e   Section        0  stm32f1xx_hal_uart.o(i.UART_WaitOnFlagUntilTimeout)
    UART_WaitOnFlagUntilTimeout              0x08004b2f   Thumb Code   100  stm32f1xx_hal_uart.o(i.UART_WaitOnFlagUntilTimeout)
    i.USART1_IRQHandler                      0x08004b94   Section        0  stm32f1xx_it.o(i.USART1_IRQHandler)
    i.USART2_IRQHandler                      0x08004ba0   Section        0  stm32f1xx_it.o(i.USART2_IRQHandler)
    i.USART3_IRQHandler                      0x08004bac   Section        0  stm32f1xx_it.o(i.USART3_IRQHandler)
    i.__0sprintf$1                           0x08004bb8   Section        0  printf1.o(i.__0sprintf$1)
    i.__NVIC_SetPriority                     0x08004be0   Section        0  stm32f1xx_hal_cortex.o(i.__NVIC_SetPriority)
    __NVIC_SetPriority                       0x08004be1   Thumb Code    32  stm32f1xx_hal_cortex.o(i.__NVIC_SetPriority)
    i.__scatterload_copy                     0x08004c00   Section       14  handlers.o(i.__scatterload_copy)
    i.__scatterload_null                     0x08004c0e   Section        2  handlers.o(i.__scatterload_null)
    i.__scatterload_zeroinit                 0x08004c10   Section       14  handlers.o(i.__scatterload_zeroinit)
    i._printf_core                           0x08004c20   Section        0  printf1.o(i._printf_core)
    _printf_core                             0x08004c21   Thumb Code   336  printf1.o(i._printf_core)
    i._sputc                                 0x08004d74   Section        0  printf1.o(i._sputc)
    _sputc                                   0x08004d75   Thumb Code    10  printf1.o(i._sputc)
    i.assert_failed                          0x08004d7e   Section        0  main.o(i.assert_failed)
    i.lora_delay                             0x08004d80   Section        0  lora.o(i.lora_delay)
    i.lora_initial                           0x08004dc0   Section        0  lora.o(i.lora_initial)
    i.main                                   0x08004ed8   Section        0  main.o(i.main)
    i.scheinwerfer                           0x080050b8   Section        0  com.o(i.scheinwerfer)
    .constdata                               0x0800514c   Section       16  system_stm32f1xx.o(.constdata)
    .constdata                               0x0800515c   Section        8  system_stm32f1xx.o(.constdata)
    .data                                    0x20000000   Section        2  bat.o(.data)
    Counter                                  0x20000000   Data           1  bat.o(.data)
    FirstTime                                0x20000001   Data           1  bat.o(.data)
    .data                                    0x20000004   Section       46  com.o(.data)
    SwitchPosInit                            0x20000004   Data           1  com.o(.data)
    TX                                       0x20000005   Data           1  com.o(.data)
    InitDone                                 0x20000006   Data           1  com.o(.data)
    Rx_Tx                                    0x20000007   Data           1  com.o(.data)
    RxDone                                   0x20000008   Data           1  com.o(.data)
    TxDone                                   0x20000009   Data           1  com.o(.data)
    TxDone2                                  0x2000000a   Data           1  com.o(.data)
    okreceived                               0x2000000b   Data           1  com.o(.data)
    okreceived2                              0x2000000c   Data           1  com.o(.data)
    onetime                                  0x2000000d   Data           1  com.o(.data)
    wdtfirst                                 0x2000000e   Data           1  com.o(.data)
    ARDstate                                 0x2000000f   Data           1  com.o(.data)
    state                                    0x20000010   Data           1  com.o(.data)
    state                                    0x20000011   Data           1  com.o(.data)
    state                                    0x20000012   Data           1  com.o(.data)
    counter                                  0x20000014   Data           4  com.o(.data)
    ARDString1                               0x20000018   Data           6  com.o(.data)
    ARDString2                               0x2000001e   Data           6  com.o(.data)
    ARDString                                0x20000024   Data          14  com.o(.data)
    .data                                    0x20000032   Section        6  cmdhandler.o(.data)
    BufPos                                   0x20000032   Data           1  cmdhandler.o(.data)
    BufPos                                   0x20000033   Data           1  cmdhandler.o(.data)
    rdy                                      0x20000034   Data           1  cmdhandler.o(.data)
    rdy                                      0x20000035   Data           3  cmdhandler.o(.data)
    .data                                    0x20000038   Section        8  lora.o(.data)
    SwitchPosInit                            0x20000038   Data           1  lora.o(.data)
    TX                                       0x20000039   Data           1  lora.o(.data)
    TX                                       0x2000003a   Data           1  lora.o(.data)
    flag                                     0x2000003b   Data           1  lora.o(.data)
    newvalue                                 0x2000003c   Data           4  lora.o(.data)
    .data                                    0x20000040   Section        4  main.o(.data)
    .data                                    0x20000044   Section       12  stm32f1xx_hal.o(.data)
    .data                                    0x20000050   Section        4  system_stm32f1xx.o(.data)
    .bss                                     0x20000054   Section       24  bat.o(.bss)
    LastValues                               0x20000054   Data          24  bat.o(.bss)
    .bss                                     0x2000006c   Section       10  com.o(.bss)
    LoraRxFlags                              0x2000006c   Data          10  com.o(.bss)
    .bss                                     0x20000076   Section      500  cmdhandler.o(.bss)
    BUFFER                                   0x20000076   Data         150  cmdhandler.o(.bss)
    COM_BUFFER                               0x2000010c   Data          50  cmdhandler.o(.bss)
    ADD_BUFFER                               0x2000013e   Data          50  cmdhandler.o(.bss)
    ARD_BUFFER                               0x20000170   Data          50  cmdhandler.o(.bss)
    BUFFER                                   0x200001a2   Data          50  cmdhandler.o(.bss)
    LORA_BUFFER                              0x200001d4   Data          50  cmdhandler.o(.bss)
    LORA_RX_BUFFER                           0x20000206   Data          50  cmdhandler.o(.bss)
    LORA_RX_EX_BUFFER                        0x20000238   Data          50  cmdhandler.o(.bss)
    .bss                                     0x2000026c   Section      520  main.o(.bss)
    .bss                                     0x20000474   Section       68  main.o(.bss)
    STACK                                    0x200004b8   Section     1024  startup_stm32f107xc.o(STACK)

    Global Symbols

    Symbol Name                              Value     Ov Type        Size  Object(Section)

    BuildAttributes$$THM_ISAv4$P$D$K$B$S$PE$A:L22UL41UL21$X:L11$S22US41US21$IEEE1$IW$USESV6$~STKCKD$USESV7$~SHL$OSPACE$ROPI$EBA8$MICROLIB$REQ8$PRES8$EABIv2 0x00000000   Number         0  anon$$obj.o ABSOLUTE
    __ARM_use_no_argv                        0x00000000   Number         0  main.o ABSOLUTE
    _printf_a                                0x00000000   Number         0  stubs.o ABSOLUTE
    _printf_c                                0x00000000   Number         0  stubs.o ABSOLUTE
    _printf_charcount                        0x00000000   Number         0  stubs.o ABSOLUTE
    _printf_d                                0x00000000   Number         0  stubs.o ABSOLUTE
    _printf_e                                0x00000000   Number         0  stubs.o ABSOLUTE
    _printf_f                                0x00000000   Number         0  stubs.o ABSOLUTE
    _printf_flags                            0x00000000   Number         0  stubs.o ABSOLUTE
    _printf_fp_dec                           0x00000000   Number         0  stubs.o ABSOLUTE
    _printf_fp_hex                           0x00000000   Number         0  stubs.o ABSOLUTE
    _printf_g                                0x00000000   Number         0  stubs.o ABSOLUTE
    _printf_i                                0x00000000   Number         0  stubs.o ABSOLUTE
    _printf_int_dec                          0x00000000   Number         0  stubs.o ABSOLUTE
    _printf_l                                0x00000000   Number         0  stubs.o ABSOLUTE
    _printf_lc                               0x00000000   Number         0  stubs.o ABSOLUTE
    _printf_ll                               0x00000000   Number         0  stubs.o ABSOLUTE
    _printf_lld                              0x00000000   Number         0  stubs.o ABSOLUTE
    _printf_lli                              0x00000000   Number         0  stubs.o ABSOLUTE
    _printf_llo                              0x00000000   Number         0  stubs.o ABSOLUTE
    _printf_llu                              0x00000000   Number         0  stubs.o ABSOLUTE
    _printf_llx                              0x00000000   Number         0  stubs.o ABSOLUTE
    _printf_longlong_dec                     0x00000000   Number         0  stubs.o ABSOLUTE
    _printf_longlong_hex                     0x00000000   Number         0  stubs.o ABSOLUTE
    _printf_longlong_oct                     0x00000000   Number         0  stubs.o ABSOLUTE
    _printf_ls                               0x00000000   Number         0  stubs.o ABSOLUTE
    _printf_mbtowc                           0x00000000   Number         0  stubs.o ABSOLUTE
    _printf_n                                0x00000000   Number         0  stubs.o ABSOLUTE
    _printf_o                                0x00000000   Number         0  stubs.o ABSOLUTE
    _printf_p                                0x00000000   Number         0  stubs.o ABSOLUTE
    _printf_percent                          0x00000000   Number         0  stubs.o ABSOLUTE
    _printf_pre_padding                      0x00000000   Number         0  stubs.o ABSOLUTE
    _printf_return_value                     0x00000000   Number         0  stubs.o ABSOLUTE
    _printf_s                                0x00000000   Number         0  stubs.o ABSOLUTE
    _printf_sizespec                         0x00000000   Number         0  stubs.o ABSOLUTE
    _printf_str                              0x00000000   Number         0  stubs.o ABSOLUTE
    _printf_truncate_signed                  0x00000000   Number         0  stubs.o ABSOLUTE
    _printf_truncate_unsigned                0x00000000   Number         0  stubs.o ABSOLUTE
    _printf_u                                0x00000000   Number         0  stubs.o ABSOLUTE
    _printf_wc                               0x00000000   Number         0  stubs.o ABSOLUTE
    _printf_wctomb                           0x00000000   Number         0  stubs.o ABSOLUTE
    _printf_widthprec                        0x00000000   Number         0  stubs.o ABSOLUTE
    _printf_x                                0x00000000   Number         0  stubs.o ABSOLUTE
    __cpp_initialize__aeabi_                  - Undefined Weak Reference
    __cxa_finalize                            - Undefined Weak Reference
    __decompress                              - Undefined Weak Reference
    _clock_init                               - Undefined Weak Reference
    _microlib_exit                            - Undefined Weak Reference
    __Vectors_Size                           0x00000150   Number         0  startup_stm32f107xc.o ABSOLUTE
    __Vectors                                0x08000000   Data           4  startup_stm32f107xc.o(RESET)
    __Vectors_End                            0x08000150   Data           0  startup_stm32f107xc.o(RESET)
    __main                                   0x08000151   Thumb Code     0  entry.o(.ARM.Collect$$$$00000000)
    _main_stk                                0x08000151   Thumb Code     0  entry2.o(.ARM.Collect$$$$00000001)
    _main_scatterload                        0x08000155   Thumb Code     0  entry5.o(.ARM.Collect$$$$00000004)
    __main_after_scatterload                 0x08000159   Thumb Code     0  entry5.o(.ARM.Collect$$$$00000004)
    _main_clock                              0x08000159   Thumb Code     0  entry7b.o(.ARM.Collect$$$$00000008)
    _main_cpp_init                           0x08000159   Thumb Code     0  entry8b.o(.ARM.Collect$$$$0000000A)
    _main_init                               0x08000159   Thumb Code     0  entry9a.o(.ARM.Collect$$$$0000000B)
    __rt_final_cpp                           0x08000161   Thumb Code     0  entry10a.o(.ARM.Collect$$$$0000000D)
    __rt_final_exit                          0x08000161   Thumb Code     0  entry11a.o(.ARM.Collect$$$$0000000F)
    Reset_Handler                            0x08000165   Thumb Code     8  startup_stm32f107xc.o(.text)
    NMI_Handler                              0x0800016d   Thumb Code     2  startup_stm32f107xc.o(.text)
    HardFault_Handler                        0x0800016f   Thumb Code     2  startup_stm32f107xc.o(.text)
    MemManage_Handler                        0x08000171   Thumb Code     2  startup_stm32f107xc.o(.text)
    BusFault_Handler                         0x08000173   Thumb Code     2  startup_stm32f107xc.o(.text)
    UsageFault_Handler                       0x08000175   Thumb Code     2  startup_stm32f107xc.o(.text)
    SVC_Handler                              0x08000177   Thumb Code     2  startup_stm32f107xc.o(.text)
    DebugMon_Handler                         0x08000179   Thumb Code     2  startup_stm32f107xc.o(.text)
    PendSV_Handler                           0x0800017b   Thumb Code     2  startup_stm32f107xc.o(.text)
    ADC1_2_IRQHandler                        0x0800017f   Thumb Code     0  startup_stm32f107xc.o(.text)
    CAN1_RX0_IRQHandler                      0x0800017f   Thumb Code     0  startup_stm32f107xc.o(.text)
    CAN1_RX1_IRQHandler                      0x0800017f   Thumb Code     0  startup_stm32f107xc.o(.text)
    CAN1_SCE_IRQHandler                      0x0800017f   Thumb Code     0  startup_stm32f107xc.o(.text)
    CAN1_TX_IRQHandler                       0x0800017f   Thumb Code     0  startup_stm32f107xc.o(.text)
    CAN2_RX0_IRQHandler                      0x0800017f   Thumb Code     0  startup_stm32f107xc.o(.text)
    CAN2_RX1_IRQHandler                      0x0800017f   Thumb Code     0  startup_stm32f107xc.o(.text)
    CAN2_SCE_IRQHandler                      0x0800017f   Thumb Code     0  startup_stm32f107xc.o(.text)
    CAN2_TX_IRQHandler                       0x0800017f   Thumb Code     0  startup_stm32f107xc.o(.text)
    DMA1_Channel2_IRQHandler                 0x0800017f   Thumb Code     0  startup_stm32f107xc.o(.text)
    DMA1_Channel3_IRQHandler                 0x0800017f   Thumb Code     0  startup_stm32f107xc.o(.text)
    DMA1_Channel4_IRQHandler                 0x0800017f   Thumb Code     0  startup_stm32f107xc.o(.text)
    DMA1_Channel5_IRQHandler                 0x0800017f   Thumb Code     0  startup_stm32f107xc.o(.text)
    DMA1_Channel6_IRQHandler                 0x0800017f   Thumb Code     0  startup_stm32f107xc.o(.text)
    DMA1_Channel7_IRQHandler                 0x0800017f   Thumb Code     0  startup_stm32f107xc.o(.text)
    DMA2_Channel1_IRQHandler                 0x0800017f   Thumb Code     0  startup_stm32f107xc.o(.text)
    DMA2_Channel2_IRQHandler                 0x0800017f   Thumb Code     0  startup_stm32f107xc.o(.text)
    DMA2_Channel3_IRQHandler                 0x0800017f   Thumb Code     0  startup_stm32f107xc.o(.text)
    DMA2_Channel4_IRQHandler                 0x0800017f   Thumb Code     0  startup_stm32f107xc.o(.text)
    DMA2_Channel5_IRQHandler                 0x0800017f   Thumb Code     0  startup_stm32f107xc.o(.text)
    ETH_IRQHandler                           0x0800017f   Thumb Code     0  startup_stm32f107xc.o(.text)
    ETH_WKUP_IRQHandler                      0x0800017f   Thumb Code     0  startup_stm32f107xc.o(.text)
    EXTI0_IRQHandler                         0x0800017f   Thumb Code     0  startup_stm32f107xc.o(.text)
    EXTI15_10_IRQHandler                     0x0800017f   Thumb Code     0  startup_stm32f107xc.o(.text)
    EXTI1_IRQHandler                         0x0800017f   Thumb Code     0  startup_stm32f107xc.o(.text)
    EXTI2_IRQHandler                         0x0800017f   Thumb Code     0  startup_stm32f107xc.o(.text)
    EXTI3_IRQHandler                         0x0800017f   Thumb Code     0  startup_stm32f107xc.o(.text)
    EXTI4_IRQHandler                         0x0800017f   Thumb Code     0  startup_stm32f107xc.o(.text)
    EXTI9_5_IRQHandler                       0x0800017f   Thumb Code     0  startup_stm32f107xc.o(.text)
    FLASH_IRQHandler                         0x0800017f   Thumb Code     0  startup_stm32f107xc.o(.text)
    I2C1_ER_IRQHandler                       0x0800017f   Thumb Code     0  startup_stm32f107xc.o(.text)
    I2C1_EV_IRQHandler                       0x0800017f   Thumb Code     0  startup_stm32f107xc.o(.text)
    I2C2_ER_IRQHandler                       0x0800017f   Thumb Code     0  startup_stm32f107xc.o(.text)
    I2C2_EV_IRQHandler                       0x0800017f   Thumb Code     0  startup_stm32f107xc.o(.text)
    OTG_FS_IRQHandler                        0x0800017f   Thumb Code     0  startup_stm32f107xc.o(.text)
    OTG_FS_WKUP_IRQHandler                   0x0800017f   Thumb Code     0  startup_stm32f107xc.o(.text)
    PVD_IRQHandler                           0x0800017f   Thumb Code     0  startup_stm32f107xc.o(.text)
    RCC_IRQHandler                           0x0800017f   Thumb Code     0  startup_stm32f107xc.o(.text)
    RTC_Alarm_IRQHandler                     0x0800017f   Thumb Code     0  startup_stm32f107xc.o(.text)
    RTC_IRQHandler                           0x0800017f   Thumb Code     0  startup_stm32f107xc.o(.text)
    SPI1_IRQHandler                          0x0800017f   Thumb Code     0  startup_stm32f107xc.o(.text)
    SPI2_IRQHandler                          0x0800017f   Thumb Code     0  startup_stm32f107xc.o(.text)
    SPI3_IRQHandler                          0x0800017f   Thumb Code     0  startup_stm32f107xc.o(.text)
    TAMPER_IRQHandler                        0x0800017f   Thumb Code     0  startup_stm32f107xc.o(.text)
    TIM1_BRK_IRQHandler                      0x0800017f   Thumb Code     0  startup_stm32f107xc.o(.text)
    TIM1_CC_IRQHandler                       0x0800017f   Thumb Code     0  startup_stm32f107xc.o(.text)
    TIM1_TRG_COM_IRQHandler                  0x0800017f   Thumb Code     0  startup_stm32f107xc.o(.text)
    TIM1_UP_IRQHandler                       0x0800017f   Thumb Code     0  startup_stm32f107xc.o(.text)
    TIM2_IRQHandler                          0x0800017f   Thumb Code     0  startup_stm32f107xc.o(.text)
    TIM4_IRQHandler                          0x0800017f   Thumb Code     0  startup_stm32f107xc.o(.text)
    TIM5_IRQHandler                          0x0800017f   Thumb Code     0  startup_stm32f107xc.o(.text)
    TIM6_IRQHandler                          0x0800017f   Thumb Code     0  startup_stm32f107xc.o(.text)
    TIM7_IRQHandler                          0x0800017f   Thumb Code     0  startup_stm32f107xc.o(.text)
    UART5_IRQHandler                         0x0800017f   Thumb Code     0  startup_stm32f107xc.o(.text)
    WWDG_IRQHandler                          0x0800017f   Thumb Code     0  startup_stm32f107xc.o(.text)
    __aeabi_uldivmod                         0x08000189   Thumb Code    98  uldiv.o(.text)
    __aeabi_llsr                             0x080001eb   Thumb Code    32  llushr.o(.text)
    _ll_ushift_r                             0x080001eb   Thumb Code     0  llushr.o(.text)
    __aeabi_memset                           0x0800020b   Thumb Code    14  memseta.o(.text)
    __aeabi_memset4                          0x0800020b   Thumb Code     0  memseta.o(.text)
    __aeabi_memset8                          0x0800020b   Thumb Code     0  memseta.o(.text)
    __aeabi_memclr                           0x08000219   Thumb Code     4  memseta.o(.text)
    __aeabi_memclr4                          0x08000219   Thumb Code     0  memseta.o(.text)
    __aeabi_memclr8                          0x08000219   Thumb Code     0  memseta.o(.text)
    _memset$wrapper                          0x0800021d   Thumb Code    18  memseta.o(.text)
    strlen                                   0x0800022f   Thumb Code    14  strlen.o(.text)
    strcmp                                   0x0800023d   Thumb Code    28  strcmp.o(.text)
    strcpy                                   0x08000259   Thumb Code    18  strcpy.o(.text)
    __aeabi_uidiv                            0x0800026b   Thumb Code     0  uidiv.o(.text)
    __aeabi_uidivmod                         0x0800026b   Thumb Code    44  uidiv.o(.text)
    __aeabi_llsl                             0x08000297   Thumb Code    30  llshl.o(.text)
    _ll_shift_l                              0x08000297   Thumb Code     0  llshl.o(.text)
    __scatterload                            0x080002b5   Thumb Code    28  init.o(.text)
    __scatterload_rt2                        0x080002b5   Thumb Code     0  init.o(.text)
    ADC_ConversionStop_Disable               0x080002d9   Thumb Code    76  stm32f1xx_hal_adc.o(i.ADC_ConversionStop_Disable)
    ADC_DMAConvCplt                          0x08000325   Thumb Code    78  stm32f1xx_hal_adc.o(i.ADC_DMAConvCplt)
    ADC_DMAError                             0x08000373   Thumb Code    26  stm32f1xx_hal_adc.o(i.ADC_DMAError)
    ADC_DMAHalfConvCplt                      0x0800038d   Thumb Code    10  stm32f1xx_hal_adc.o(i.ADC_DMAHalfConvCplt)
    ADC_Enable                               0x08000399   Thumb Code   104  stm32f1xx_hal_adc.o(i.ADC_Enable)
    ARD_TX                                   0x08000409   Thumb Code    82  com.o(i.ARD_TX)
    Arduino_Light_Clear                      0x08000471   Thumb Code    16  com.o(i.Arduino_Light_Clear)
    Arduino_Light_Fill                       0x08000485   Thumb Code    66  com.o(i.Arduino_Light_Fill)
    Arduino_Light_Mode_Connecting            0x080004d9   Thumb Code    18  com.o(i.Arduino_Light_Mode_Connecting)
    Arduino_Light_Mode_Normal                0x080004fd   Thumb Code    82  com.o(i.Arduino_Light_Mode_Normal)
    Arduino_Light_Tansmitt                   0x08000555   Thumb Code    16  com.o(i.Arduino_Light_Tansmitt)
    Arduino_responded                        0x08000569   Thumb Code    18  com.o(i.Arduino_responded)
    Ardunio_Ready                            0x08000581   Thumb Code    12  com.o(i.Ardunio_Ready)
    BATCheck                                 0x08000591   Thumb Code   544  bat.o(i.BATCheck)
    BatLED                                   0x080007b1   Thumb Code   130  bat.o(i.BatLED)
    CH_BUFFER                                0x0800083d   Thumb Code    94  cmdhandler.o(i.CH_BUFFER)
    CH_HANDLER                               0x080008a5   Thumb Code   196  cmdhandler.o(i.CH_HANDLER)
    COM_TX                                   0x080009c1   Thumb Code    26  com.o(i.COM_TX)
    DMA1_Channel1_IRQHandler                 0x080009e1   Thumb Code     6  stm32f1xx_it.o(i.DMA1_Channel1_IRQHandler)
    Error_Handler                            0x08000a19   Thumb Code     6  main.o(i.Error_Handler)
    HAL_ADC_ConfigChannel                    0x08000a29   Thumb Code   472  stm32f1xx_hal_adc.o(i.HAL_ADC_ConfigChannel)
    HAL_ADC_ConvCpltCallback                 0x08000c49   Thumb Code    12  main.o(i.HAL_ADC_ConvCpltCallback)
    HAL_ADC_ConvHalfCpltCallback             0x08000c59   Thumb Code     2  stm32f1xx_hal_adc.o(i.HAL_ADC_ConvHalfCpltCallback)
    HAL_ADC_ErrorCallback                    0x08000c5b   Thumb Code     2  stm32f1xx_hal_adc.o(i.HAL_ADC_ErrorCallback)
    HAL_ADC_Init                             0x08000c5d   Thumb Code   468  stm32f1xx_hal_adc.o(i.HAL_ADC_Init)
    HAL_ADC_MspInit                          0x08000e7d   Thumb Code   122  stm32f1xx_hal_msp.o(i.HAL_ADC_MspInit)
    HAL_ADC_Start_DMA                        0x08000f0d   Thumb Code   264  stm32f1xx_hal_adc.o(i.HAL_ADC_Start_DMA)
    HAL_DMA_Abort_IT                         0x08001061   Thumb Code   296  stm32f1xx_hal_dma.o(i.HAL_DMA_Abort_IT)
    HAL_DMA_IRQHandler                       0x08001191   Thumb Code   552  stm32f1xx_hal_dma.o(i.HAL_DMA_IRQHandler)
    HAL_DMA_Init                             0x080013d9   Thumb Code   368  stm32f1xx_hal_dma.o(i.HAL_DMA_Init)
    HAL_DMA_Start_IT                         0x08001589   Thumb Code   148  stm32f1xx_hal_dma.o(i.HAL_DMA_Start_IT)
    HAL_GPIO_Init                            0x08001655   Thumb Code   674  stm32f1xx_hal_gpio.o(i.HAL_GPIO_Init)
    HAL_GPIO_WritePin                        0x08001979   Thumb Code    46  stm32f1xx_hal_gpio.o(i.HAL_GPIO_WritePin)
    HAL_GetTick                              0x080019e5   Thumb Code     6  stm32f1xx_hal.o(i.HAL_GetTick)
    HAL_Init                                 0x080019f1   Thumb Code    32  stm32f1xx_hal.o(i.HAL_Init)
    HAL_InitTick                             0x08001a15   Thumb Code    54  stm32f1xx_hal.o(i.HAL_InitTick)
    HAL_MspInit                              0x08001a55   Thumb Code    52  stm32f1xx_hal_msp.o(i.HAL_MspInit)
    HAL_NVIC_EnableIRQ                       0x08001a91   Thumb Code    40  stm32f1xx_hal_cortex.o(i.HAL_NVIC_EnableIRQ)
    HAL_NVIC_SetPriority                     0x08001af5   Thumb Code    94  stm32f1xx_hal_cortex.o(i.HAL_NVIC_SetPriority)
    HAL_NVIC_SetPriorityGrouping             0x08001b95   Thumb Code    58  stm32f1xx_hal_cortex.o(i.HAL_NVIC_SetPriorityGrouping)
    HAL_RCCEx_PeriphCLKConfig                0x08001c15   Thumb Code   666  stm32f1xx_hal_rcc_ex.o(i.HAL_RCCEx_PeriphCLKConfig)
    HAL_RCC_ClockConfig                      0x08001efd   Thumb Code   480  stm32f1xx_hal_rcc.o(i.HAL_RCC_ClockConfig)
    HAL_RCC_GetPCLK1Freq                     0x08002129   Thumb Code    20  stm32f1xx_hal_rcc.o(i.HAL_RCC_GetPCLK1Freq)
    HAL_RCC_GetPCLK2Freq                     0x08002149   Thumb Code    20  stm32f1xx_hal_rcc.o(i.HAL_RCC_GetPCLK2Freq)
    HAL_RCC_GetSysClockFreq                  0x08002169   Thumb Code   148  stm32f1xx_hal_rcc.o(i.HAL_RCC_GetSysClockFreq)
    HAL_RCC_MCOConfig                        0x0800222d   Thumb Code   158  stm32f1xx_hal_rcc.o(i.HAL_RCC_MCOConfig)
    HAL_RCC_OscConfig                        0x0800230d   Thumb Code  1566  stm32f1xx_hal_rcc.o(i.HAL_RCC_OscConfig)
    HAL_SYSTICK_Config                       0x0800292b   Thumb Code    40  stm32f1xx_hal_cortex.o(i.HAL_SYSTICK_Config)
    HAL_TIMEx_BreakCallback                  0x08002953   Thumb Code     2  stm32f1xx_hal_tim_ex.o(i.HAL_TIMEx_BreakCallback)
    HAL_TIMEx_CommutCallback                 0x08002955   Thumb Code     2  stm32f1xx_hal_tim_ex.o(i.HAL_TIMEx_CommutCallback)
    HAL_TIMEx_ConfigBreakDeadTime            0x08002959   Thumb Code   254  stm32f1xx_hal_tim_ex.o(i.HAL_TIMEx_ConfigBreakDeadTime)
    HAL_TIMEx_MasterConfigSynchronization    0x08002a99   Thumb Code   182  stm32f1xx_hal_tim_ex.o(i.HAL_TIMEx_MasterConfigSynchronization)
    HAL_TIM_Base_Init                        0x08002ba5   Thumb Code   182  stm32f1xx_hal_tim.o(i.HAL_TIM_Base_Init)
    HAL_TIM_Base_MspInit                     0x08002cad   Thumb Code    94  stm32f1xx_hal_msp.o(i.HAL_TIM_Base_MspInit)
    HAL_TIM_Base_Start_IT                    0x08002d19   Thumb Code    92  stm32f1xx_hal_tim.o(i.HAL_TIM_Base_Start_IT)
    HAL_TIM_Base_Stop_IT                     0x08002dc5   Thumb Code   100  stm32f1xx_hal_tim.o(i.HAL_TIM_Base_Stop_IT)
    HAL_TIM_ConfigClockSource                0x08002e79   Thumb Code   796  stm32f1xx_hal_tim.o(i.HAL_TIM_ConfigClockSource)
    HAL_TIM_IC_CaptureCallback               0x080031e5   Thumb Code     2  stm32f1xx_hal_tim.o(i.HAL_TIM_IC_CaptureCallback)
    HAL_TIM_IRQHandler                       0x080031e7   Thumb Code   358  stm32f1xx_hal_tim.o(i.HAL_TIM_IRQHandler)
    HAL_TIM_MspPostInit                      0x0800334d   Thumb Code    82  stm32f1xx_hal_msp.o(i.HAL_TIM_MspPostInit)
    HAL_TIM_OC_DelayElapsedCallback          0x080033b1   Thumb Code     2  stm32f1xx_hal_tim.o(i.HAL_TIM_OC_DelayElapsedCallback)
    HAL_TIM_PWM_ConfigChannel                0x080033b5   Thumb Code   448  stm32f1xx_hal_tim.o(i.HAL_TIM_PWM_ConfigChannel)
    HAL_TIM_PWM_Init                         0x080035bd   Thumb Code   182  stm32f1xx_hal_tim.o(i.HAL_TIM_PWM_Init)
    HAL_TIM_PWM_MspInit                      0x080036c5   Thumb Code     2  stm32f1xx_hal_tim.o(i.HAL_TIM_PWM_MspInit)
    HAL_TIM_PWM_PulseFinishedCallback        0x080036c7   Thumb Code     2  stm32f1xx_hal_tim.o(i.HAL_TIM_PWM_PulseFinishedCallback)
    HAL_TIM_PeriodElapsedCallback            0x080036c9   Thumb Code    18  main.o(i.HAL_TIM_PeriodElapsedCallback)
    HAL_TIM_TriggerCallback                  0x080036e1   Thumb Code     2  stm32f1xx_hal_tim.o(i.HAL_TIM_TriggerCallback)
    HAL_UART_ErrorCallback                   0x080036e3   Thumb Code     2  stm32f1xx_hal_uart.o(i.HAL_UART_ErrorCallback)
    HAL_UART_IRQHandler                      0x080036e5   Thumb Code   266  stm32f1xx_hal_uart.o(i.HAL_UART_IRQHandler)
    HAL_UART_Init                            0x080037f5   Thumb Code   216  stm32f1xx_hal_uart.o(i.HAL_UART_Init)
    HAL_UART_MspInit                         0x0800391d   Thumb Code   344  stm32f1xx_hal_msp.o(i.HAL_UART_MspInit)
    HAL_UART_Receive_IT                      0x08003a99   Thumb Code    82  stm32f1xx_hal_uart.o(i.HAL_UART_Receive_IT)
    HAL_UART_RxCpltCallback                  0x08003aed   Thumb Code   130  main.o(i.HAL_UART_RxCpltCallback)
    HAL_UART_Transmit                        0x08003b89   Thumb Code   186  stm32f1xx_hal_uart.o(i.HAL_UART_Transmit)
    HAL_UART_TxCpltCallback                  0x08003c43   Thumb Code     2  stm32f1xx_hal_uart.o(i.HAL_UART_TxCpltCallback)
    LORA_BUFFER                              0x08003c45   Thumb Code    54  cmdhandler.o(i.LORA_BUFFER)
    LORA_HANDLER                             0x08003c85   Thumb Code   180  cmdhandler.o(i.LORA_HANDLER)
    LORA_TX                                  0x08003d89   Thumb Code    40  com.o(i.LORA_TX)
    Lora                                     0x08003dc1   Thumb Code   272  com.o(i.Lora)
    Lora_DTS                                 0x08003ee5   Thumb Code    26  com.o(i.Lora_DTS)
    Lora_RxFlag                              0x08003f11   Thumb Code    20  com.o(i.Lora_RxFlag)
    Send_Tim3Value                           0x08004301   Thumb Code    22  lora.o(i.Send_Tim3Value)
    SumBAT                                   0x08004321   Thumb Code   132  bat.o(i.SumBAT)
    SysTick_Handler                          0x080043ad   Thumb Code     2  stm32f1xx_it.o(i.SysTick_Handler)
    SystemClock_Config                       0x080043b1   Thumb Code   158  main.o(i.SystemClock_Config)
    SystemInit                               0x08004459   Thumb Code    68  system_stm32f1xx.o(i.SystemInit)
    TIM3_IRQHandler                          0x080044ad   Thumb Code     6  stm32f1xx_it.o(i.TIM3_IRQHandler)
    TIM_Base_SetConfig                       0x080044b9   Thumb Code   106  stm32f1xx_hal_tim.o(i.TIM_Base_SetConfig)
    TIM_ETR_SetConfig                        0x08004535   Thumb Code    20  stm32f1xx_hal_tim.o(i.TIM_ETR_SetConfig)
    TIM_OC2_SetConfig                        0x08004625   Thumb Code   152  stm32f1xx_hal_tim.o(i.TIM_OC2_SetConfig)
    UART4_IRQHandler                         0x080048b1   Thumb Code     6  stm32f1xx_it.o(i.UART4_IRQHandler)
    USART1_IRQHandler                        0x08004b95   Thumb Code     6  stm32f1xx_it.o(i.USART1_IRQHandler)
    USART2_IRQHandler                        0x08004ba1   Thumb Code     6  stm32f1xx_it.o(i.USART2_IRQHandler)
    USART3_IRQHandler                        0x08004bad   Thumb Code     6  stm32f1xx_it.o(i.USART3_IRQHandler)
    __0sprintf$1                             0x08004bb9   Thumb Code    34  printf1.o(i.__0sprintf$1)
    __1sprintf$1                             0x08004bb9   Thumb Code     0  printf1.o(i.__0sprintf$1)
    __2sprintf                               0x08004bb9   Thumb Code     0  printf1.o(i.__0sprintf$1)
    __scatterload_copy                       0x08004c01   Thumb Code    14  handlers.o(i.__scatterload_copy)
    __scatterload_null                       0x08004c0f   Thumb Code     2  handlers.o(i.__scatterload_null)
    __scatterload_zeroinit                   0x08004c11   Thumb Code    14  handlers.o(i.__scatterload_zeroinit)
    assert_failed                            0x08004d7f   Thumb Code     2  main.o(i.assert_failed)
    lora_delay                               0x08004d81   Thumb Code    56  lora.o(i.lora_delay)
    lora_initial                             0x08004dc1   Thumb Code   140  lora.o(i.lora_initial)
    main                                     0x08004ed9   Thumb Code   424  main.o(i.main)
    scheinwerfer                             0x080050b9   Thumb Code   142  com.o(i.scheinwerfer)
    AHBPrescTable                            0x0800514c   Data          16  system_stm32f1xx.o(.constdata)
    APBPrescTable                            0x0800515c   Data           8  system_stm32f1xx.o(.constdata)
    Region$$Table$$Base                      0x08005164   Number         0  anon$$obj.o(Region$$Table)
    Region$$Table$$Limit                     0x08005184   Number         0  anon$$obj.o(Region$$Table)
    rx_ard_buff                              0x20000040   Data           1  main.o(.data)
    rx_add_buff                              0x20000041   Data           1  main.o(.data)
    rx_lora_buff                             0x20000042   Data           1  main.o(.data)
    rx_com_buff                              0x20000043   Data           1  main.o(.data)
    uwTickFreq                               0x20000044   Data           1  stm32f1xx_hal.o(.data)
    uwTickPrio                               0x20000048   Data           4  stm32f1xx_hal.o(.data)
    uwTick                                   0x2000004c   Data           4  stm32f1xx_hal.o(.data)
    SystemCoreClock                          0x20000050   Data           4  system_stm32f1xx.o(.data)
    hadc1                                    0x2000026c   Data          48  main.o(.bss)
    htim1                                    0x2000029c   Data          64  main.o(.bss)
    htim2                                    0x200002dc   Data          64  main.o(.bss)
    htim3                                    0x2000031c   Data          64  main.o(.bss)
    huart4                                   0x2000035c   Data          64  main.o(.bss)
    huart1                                   0x2000039c   Data          64  main.o(.bss)
    huart2                                   0x200003dc   Data          64  main.o(.bss)
    huart3                                   0x2000041c   Data          64  main.o(.bss)
    ADCvalues                                0x2000045c   Data          24  main.o(.bss)
    hdma_adc1                                0x20000474   Data          68  main.o(.bss)
    __initial_sp                             0x200008b8   Data           0  startup_stm32f107xc.o(STACK)



==============================================================================

Memory Map of the image

  Image Entry point : 0x08000151

  Load Region LR_IROM1 (Base: 0x08000000, Size: 0x000051d8, Max: 0x00040000, ABSOLUTE)

    Execution Region ER_IROM1 (Exec base: 0x08000000, Load base: 0x08000000, Size: 0x00005184, Max: 0x00040000, ABSOLUTE)

    Exec Addr    Load Addr    Size         Type   Attr      Idx    E Section Name        Object

    0x08000000   0x08000000   0x00000150   Data   RO            3    RESET               startup_stm32f107xc.o
    0x08000150   0x08000150   0x00000000   Code   RO         3444  * .ARM.Collect$$$$00000000  mc_w.l(entry.o)
    0x08000150   0x08000150   0x00000004   Code   RO         3720    .ARM.Collect$$$$00000001  mc_w.l(entry2.o)
    0x08000154   0x08000154   0x00000004   Code   RO         3723    .ARM.Collect$$$$00000004  mc_w.l(entry5.o)
    0x08000158   0x08000158   0x00000000   Code   RO         3725    .ARM.Collect$$$$00000008  mc_w.l(entry7b.o)
    0x08000158   0x08000158   0x00000000   Code   RO         3727    .ARM.Collect$$$$0000000A  mc_w.l(entry8b.o)
    0x08000158   0x08000158   0x00000008   Code   RO         3728    .ARM.Collect$$$$0000000B  mc_w.l(entry9a.o)
    0x08000160   0x08000160   0x00000000   Code   RO         3730    .ARM.Collect$$$$0000000D  mc_w.l(entry10a.o)
    0x08000160   0x08000160   0x00000000   Code   RO         3732    .ARM.Collect$$$$0000000F  mc_w.l(entry11a.o)
    0x08000160   0x08000160   0x00000004   Code   RO         3721    .ARM.Collect$$$$00002712  mc_w.l(entry2.o)
    0x08000164   0x08000164   0x00000024   Code   RO            4    .text               startup_stm32f107xc.o
    0x08000188   0x08000188   0x00000062   Code   RO         3447    .text               mc_w.l(uldiv.o)
    0x080001ea   0x080001ea   0x00000020   Code   RO         3449    .text               mc_w.l(llushr.o)
    0x0800020a   0x0800020a   0x00000024   Code   RO         3451    .text               mc_w.l(memseta.o)
    0x0800022e   0x0800022e   0x0000000e   Code   RO         3453    .text               mc_w.l(strlen.o)
    0x0800023c   0x0800023c   0x0000001c   Code   RO         3455    .text               mc_w.l(strcmp.o)
    0x08000258   0x08000258   0x00000012   Code   RO         3457    .text               mc_w.l(strcpy.o)
    0x0800026a   0x0800026a   0x0000002c   Code   RO         3737    .text               mc_w.l(uidiv.o)
    0x08000296   0x08000296   0x0000001e   Code   RO         3739    .text               mc_w.l(llshl.o)
    0x080002b4   0x080002b4   0x00000024   Code   RO         3752    .text               mc_w.l(init.o)
    0x080002d8   0x080002d8   0x0000004c   Code   RO          869    i.ADC_ConversionStop_Disable  stm32f1xx_hal_adc.o
    0x08000324   0x08000324   0x0000004e   Code   RO          870    i.ADC_DMAConvCplt   stm32f1xx_hal_adc.o
    0x08000372   0x08000372   0x0000001a   Code   RO          871    i.ADC_DMAError      stm32f1xx_hal_adc.o
    0x0800038c   0x0800038c   0x0000000a   Code   RO          872    i.ADC_DMAHalfConvCplt  stm32f1xx_hal_adc.o
    0x08000396   0x08000396   0x00000002   PAD
    0x08000398   0x08000398   0x00000070   Code   RO          873    i.ADC_Enable        stm32f1xx_hal_adc.o
    0x08000408   0x08000408   0x00000068   Code   RO          157    i.ARD_TX            com.o
    0x08000470   0x08000470   0x00000014   Code   RO          158    i.Arduino_Light_Clear  com.o
    0x08000484   0x08000484   0x00000054   Code   RO          159    i.Arduino_Light_Fill  com.o
    0x080004d8   0x080004d8   0x00000024   Code   RO          160    i.Arduino_Light_Mode_Connecting  com.o
    0x080004fc   0x080004fc   0x00000058   Code   RO          161    i.Arduino_Light_Mode_Normal  com.o
    0x08000554   0x08000554   0x00000014   Code   RO          162    i.Arduino_Light_Tansmitt  com.o
    0x08000568   0x08000568   0x00000018   Code   RO          163    i.Arduino_responded  com.o
    0x08000580   0x08000580   0x00000010   Code   RO          164    i.Ardunio_Ready     com.o
    0x08000590   0x08000590   0x00000220   Code   RO           13    i.BATCheck          bat.o
    0x080007b0   0x080007b0   0x0000008c   Code   RO           14    i.BatLED            bat.o
    0x0800083c   0x0800083c   0x00000068   Code   RO          509    i.CH_BUFFER         cmdhandler.o
    0x080008a4   0x080008a4   0x0000011c   Code   RO          510    i.CH_HANDLER        cmdhandler.o
    0x080009c0   0x080009c0   0x00000020   Code   RO          165    i.COM_TX            com.o
    0x080009e0   0x080009e0   0x0000000c   Code   RO          702    i.DMA1_Channel1_IRQHandler  stm32f1xx_it.o
    0x080009ec   0x080009ec   0x0000002a   Code   RO         1547    i.DMA_SetConfig     stm32f1xx_hal_dma.o
    0x08000a16   0x08000a16   0x00000002   PAD
    0x08000a18   0x08000a18   0x00000010   Code   RO          612    i.Error_Handler     main.o
    0x08000a28   0x08000a28   0x00000220   Code   RO          875    i.HAL_ADC_ConfigChannel  stm32f1xx_hal_adc.o
    0x08000c48   0x08000c48   0x00000010   Code   RO          613    i.HAL_ADC_ConvCpltCallback  main.o
    0x08000c58   0x08000c58   0x00000002   Code   RO          877    i.HAL_ADC_ConvHalfCpltCallback  stm32f1xx_hal_adc.o
    0x08000c5a   0x08000c5a   0x00000002   Code   RO          879    i.HAL_ADC_ErrorCallback  stm32f1xx_hal_adc.o
    0x08000c5c   0x08000c5c   0x00000220   Code   RO          884    i.HAL_ADC_Init      stm32f1xx_hal_adc.o
    0x08000e7c   0x08000e7c   0x00000090   Code   RO          767    i.HAL_ADC_MspInit   stm32f1xx_hal_msp.o
    0x08000f0c   0x08000f0c   0x00000154   Code   RO          891    i.HAL_ADC_Start_DMA  stm32f1xx_hal_adc.o
    0x08001060   0x08001060   0x00000130   Code   RO         1549    i.HAL_DMA_Abort_IT  stm32f1xx_hal_dma.o
    0x08001190   0x08001190   0x00000248   Code   RO         1553    i.HAL_DMA_IRQHandler  stm32f1xx_hal_dma.o
    0x080013d8   0x080013d8   0x000001b0   Code   RO         1554    i.HAL_DMA_Init      stm32f1xx_hal_dma.o
    0x08001588   0x08001588   0x000000cc   Code   RO         1558    i.HAL_DMA_Start_IT  stm32f1xx_hal_dma.o
    0x08001654   0x08001654   0x00000324   Code   RO         1484    i.HAL_GPIO_Init     stm32f1xx_hal_gpio.o
    0x08001978   0x08001978   0x0000006c   Code   RO         1488    i.HAL_GPIO_WritePin  stm32f1xx_hal_gpio.o
    0x080019e4   0x080019e4   0x0000000c   Code   RO         1156    i.HAL_GetTick       stm32f1xx_hal.o
    0x080019f0   0x080019f0   0x00000024   Code   RO         1163    i.HAL_Init          stm32f1xx_hal.o
    0x08001a14   0x08001a14   0x00000040   Code   RO         1164    i.HAL_InitTick      stm32f1xx_hal.o
    0x08001a54   0x08001a54   0x0000003c   Code   RO          768    i.HAL_MspInit       stm32f1xx_hal_msp.o
    0x08001a90   0x08001a90   0x00000064   Code   RO         1644    i.HAL_NVIC_EnableIRQ  stm32f1xx_hal_cortex.o
    0x08001af4   0x08001af4   0x000000a0   Code   RO         1650    i.HAL_NVIC_SetPriority  stm32f1xx_hal_cortex.o
    0x08001b94   0x08001b94   0x00000080   Code   RO         1651    i.HAL_NVIC_SetPriorityGrouping  stm32f1xx_hal_cortex.o
    0x08001c14   0x08001c14   0x000002e8   Code   RO         1427    i.HAL_RCCEx_PeriphCLKConfig  stm32f1xx_hal_rcc_ex.o
    0x08001efc   0x08001efc   0x0000022c   Code   RO         1320    i.HAL_RCC_ClockConfig  stm32f1xx_hal_rcc.o
    0x08002128   0x08002128   0x00000020   Code   RO         1327    i.HAL_RCC_GetPCLK1Freq  stm32f1xx_hal_rcc.o
    0x08002148   0x08002148   0x00000020   Code   RO         1328    i.HAL_RCC_GetPCLK2Freq  stm32f1xx_hal_rcc.o
    0x08002168   0x08002168   0x000000c4   Code   RO         1329    i.HAL_RCC_GetSysClockFreq  stm32f1xx_hal_rcc.o
    0x0800222c   0x0800222c   0x000000e0   Code   RO         1330    i.HAL_RCC_MCOConfig  stm32f1xx_hal_rcc.o
    0x0800230c   0x0800230c   0x0000061e   Code   RO         1332    i.HAL_RCC_OscConfig  stm32f1xx_hal_rcc.o
    0x0800292a   0x0800292a   0x00000028   Code   RO         1655    i.HAL_SYSTICK_Config  stm32f1xx_hal_cortex.o
    0x08002952   0x08002952   0x00000002   Code   RO         2832    i.HAL_TIMEx_BreakCallback  stm32f1xx_hal_tim_ex.o
    0x08002954   0x08002954   0x00000002   Code   RO         2833    i.HAL_TIMEx_CommutCallback  stm32f1xx_hal_tim_ex.o
    0x08002956   0x08002956   0x00000002   PAD
    0x08002958   0x08002958   0x00000140   Code   RO         2835    i.HAL_TIMEx_ConfigBreakDeadTime  stm32f1xx_hal_tim_ex.o
    0x08002a98   0x08002a98   0x0000010c   Code   RO         2850    i.HAL_TIMEx_MasterConfigSynchronization  stm32f1xx_hal_tim_ex.o
    0x08002ba4   0x08002ba4   0x00000108   Code   RO         2156    i.HAL_TIM_Base_Init  stm32f1xx_hal_tim.o
    0x08002cac   0x08002cac   0x0000006c   Code   RO          770    i.HAL_TIM_Base_MspInit  stm32f1xx_hal_msp.o
    0x08002d18   0x08002d18   0x000000ac   Code   RO         2161    i.HAL_TIM_Base_Start_IT  stm32f1xx_hal_tim.o
    0x08002dc4   0x08002dc4   0x000000b4   Code   RO         2164    i.HAL_TIM_Base_Stop_IT  stm32f1xx_hal_tim.o
    0x08002e78   0x08002e78   0x0000036c   Code   RO         2165    i.HAL_TIM_ConfigClockSource  stm32f1xx_hal_tim.o
    0x080031e4   0x080031e4   0x00000002   Code   RO         2185    i.HAL_TIM_IC_CaptureCallback  stm32f1xx_hal_tim.o
    0x080031e6   0x080031e6   0x00000166   Code   RO         2199    i.HAL_TIM_IRQHandler  stm32f1xx_hal_tim.o
    0x0800334c   0x0800334c   0x00000064   Code   RO          771    i.HAL_TIM_MspPostInit  stm32f1xx_hal_msp.o
    0x080033b0   0x080033b0   0x00000002   Code   RO         2202    i.HAL_TIM_OC_DelayElapsedCallback  stm32f1xx_hal_tim.o
    0x080033b2   0x080033b2   0x00000002   PAD
    0x080033b4   0x080033b4   0x00000208   Code   RO         2223    i.HAL_TIM_PWM_ConfigChannel  stm32f1xx_hal_tim.o
    0x080035bc   0x080035bc   0x00000108   Code   RO         2226    i.HAL_TIM_PWM_Init  stm32f1xx_hal_tim.o
    0x080036c4   0x080036c4   0x00000002   Code   RO         2228    i.HAL_TIM_PWM_MspInit  stm32f1xx_hal_tim.o
    0x080036c6   0x080036c6   0x00000002   Code   RO         2229    i.HAL_TIM_PWM_PulseFinishedCallback  stm32f1xx_hal_tim.o
    0x080036c8   0x080036c8   0x00000018   Code   RO          614    i.HAL_TIM_PeriodElapsedCallback  main.o
    0x080036e0   0x080036e0   0x00000002   Code   RO         2242    i.HAL_TIM_TriggerCallback  stm32f1xx_hal_tim.o
    0x080036e2   0x080036e2   0x00000002   Code   RO         3104    i.HAL_UART_ErrorCallback  stm32f1xx_hal_uart.o
    0x080036e4   0x080036e4   0x00000110   Code   RO         3107    i.HAL_UART_IRQHandler  stm32f1xx_hal_uart.o
    0x080037f4   0x080037f4   0x00000128   Code   RO         3108    i.HAL_UART_Init     stm32f1xx_hal_uart.o
    0x0800391c   0x0800391c   0x0000017c   Code   RO          773    i.HAL_UART_MspInit  stm32f1xx_hal_msp.o
    0x08003a98   0x08003a98   0x00000052   Code   RO         3113    i.HAL_UART_Receive_IT  stm32f1xx_hal_uart.o
    0x08003aea   0x08003aea   0x00000002   PAD
    0x08003aec   0x08003aec   0x0000009c   Code   RO          615    i.HAL_UART_RxCpltCallback  main.o
    0x08003b88   0x08003b88   0x000000ba   Code   RO         3116    i.HAL_UART_Transmit  stm32f1xx_hal_uart.o
    0x08003c42   0x08003c42   0x00000002   Code   RO         3119    i.HAL_UART_TxCpltCallback  stm32f1xx_hal_uart.o
    0x08003c44   0x08003c44   0x00000040   Code   RO          511    i.LORA_BUFFER       cmdhandler.o
    0x08003c84   0x08003c84   0x00000104   Code   RO          512    i.LORA_HANDLER      cmdhandler.o
    0x08003d88   0x08003d88   0x00000038   Code   RO          166    i.LORA_TX           com.o
    0x08003dc0   0x08003dc0   0x00000124   Code   RO          167    i.Lora              com.o
    0x08003ee4   0x08003ee4   0x0000002c   Code   RO          168    i.Lora_DTS          com.o
    0x08003f10   0x08003f10   0x00000018   Code   RO          170    i.Lora_RxFlag       com.o
    0x08003f28   0x08003f28   0x000000c8   Code   RO          616    i.MX_ADC1_Init      main.o
    0x08003ff0   0x08003ff0   0x00000160   Code   RO          617    i.MX_GPIO_Init      main.o
    0x08004150   0x08004150   0x000000d4   Code   RO          618    i.MX_TIM1_Init      main.o
    0x08004224   0x08004224   0x00000068   Code   RO          619    i.MX_TIM2_Init      main.o
    0x0800428c   0x0800428c   0x00000074   Code   RO          620    i.MX_TIM3_Init      main.o
    0x08004300   0x08004300   0x00000020   Code   RO          556    i.Send_Tim3Value    lora.o
    0x08004320   0x08004320   0x0000008c   Code   RO           15    i.SumBAT            bat.o
    0x080043ac   0x080043ac   0x00000002   Code   RO          703    i.SysTick_Handler   stm32f1xx_it.o
    0x080043ae   0x080043ae   0x00000002   PAD
    0x080043b0   0x080043b0   0x000000a8   Code   RO          621    i.SystemClock_Config  main.o
    0x08004458   0x08004458   0x00000054   Code   RO         3410    i.SystemInit        system_stm32f1xx.o
    0x080044ac   0x080044ac   0x0000000c   Code   RO          704    i.TIM3_IRQHandler   stm32f1xx_it.o
    0x080044b8   0x080044b8   0x0000007c   Code   RO         2244    i.TIM_Base_SetConfig  stm32f1xx_hal_tim.o
    0x08004534   0x08004534   0x00000014   Code   RO         2255    i.TIM_ETR_SetConfig  stm32f1xx_hal_tim.o
    0x08004548   0x08004548   0x00000010   Code   RO         2256    i.TIM_ITRx_SetConfig  stm32f1xx_hal_tim.o
    0x08004558   0x08004558   0x000000cc   Code   RO         2257    i.TIM_OC1_SetConfig  stm32f1xx_hal_tim.o
    0x08004624   0x08004624   0x000000d4   Code   RO         2258    i.TIM_OC2_SetConfig  stm32f1xx_hal_tim.o
    0x080046f8   0x080046f8   0x000000d4   Code   RO         2259    i.TIM_OC3_SetConfig  stm32f1xx_hal_tim.o
    0x080047cc   0x080047cc   0x0000009c   Code   RO         2260    i.TIM_OC4_SetConfig  stm32f1xx_hal_tim.o
    0x08004868   0x08004868   0x00000022   Code   RO         2262    i.TIM_TI1_ConfigInputStage  stm32f1xx_hal_tim.o
    0x0800488a   0x0800488a   0x00000024   Code   RO         2264    i.TIM_TI2_ConfigInputStage  stm32f1xx_hal_tim.o
    0x080048ae   0x080048ae   0x00000002   PAD
    0x080048b0   0x080048b0   0x0000000c   Code   RO          705    i.UART4_IRQHandler  stm32f1xx_it.o
    0x080048bc   0x080048bc   0x00000010   Code   RO         3121    i.UART_DMAAbortOnError  stm32f1xx_hal_uart.o
    0x080048cc   0x080048cc   0x0000001c   Code   RO         3131    i.UART_EndRxTransfer  stm32f1xx_hal_uart.o
    0x080048e8   0x080048e8   0x00000096   Code   RO         3133    i.UART_Receive_IT   stm32f1xx_hal_uart.o
    0x0800497e   0x0800497e   0x00000002   PAD
    0x08004980   0x08004980   0x0000014c   Code   RO         3134    i.UART_SetConfig    stm32f1xx_hal_uart.o
    0x08004acc   0x08004acc   0x00000062   Code   RO         3135    i.UART_Transmit_IT  stm32f1xx_hal_uart.o
    0x08004b2e   0x08004b2e   0x00000064   Code   RO         3136    i.UART_WaitOnFlagUntilTimeout  stm32f1xx_hal_uart.o
    0x08004b92   0x08004b92   0x00000002   PAD
    0x08004b94   0x08004b94   0x0000000c   Code   RO          706    i.USART1_IRQHandler  stm32f1xx_it.o
    0x08004ba0   0x08004ba0   0x0000000c   Code   RO          707    i.USART2_IRQHandler  stm32f1xx_it.o
    0x08004bac   0x08004bac   0x0000000c   Code   RO          708    i.USART3_IRQHandler  stm32f1xx_it.o
    0x08004bb8   0x08004bb8   0x00000028   Code   RO         3506    i.__0sprintf$1      mc_w.l(printf1.o)
    0x08004be0   0x08004be0   0x00000020   Code   RO         1657    i.__NVIC_SetPriority  stm32f1xx_hal_cortex.o
    0x08004c00   0x08004c00   0x0000000e   Code   RO         3762    i.__scatterload_copy  mc_w.l(handlers.o)
    0x08004c0e   0x08004c0e   0x00000002   Code   RO         3763    i.__scatterload_null  mc_w.l(handlers.o)
    0x08004c10   0x08004c10   0x0000000e   Code   RO         3764    i.__scatterload_zeroinit  mc_w.l(handlers.o)
    0x08004c1e   0x08004c1e   0x00000002   PAD
    0x08004c20   0x08004c20   0x00000154   Code   RO         3511    i._printf_core      mc_w.l(printf1.o)
    0x08004d74   0x08004d74   0x0000000a   Code   RO         3513    i._sputc            mc_w.l(printf1.o)
    0x08004d7e   0x08004d7e   0x00000002   Code   RO          622    i.assert_failed     main.o
    0x08004d80   0x08004d80   0x00000040   Code   RO          559    i.lora_delay        lora.o
    0x08004dc0   0x08004dc0   0x00000118   Code   RO          560    i.lora_initial      lora.o
    0x08004ed8   0x08004ed8   0x000001e0   Code   RO          623    i.main              main.o
    0x080050b8   0x080050b8   0x00000094   Code   RO          172    i.scheinwerfer      com.o
    0x0800514c   0x0800514c   0x00000010   Data   RO         3411    .constdata          system_stm32f1xx.o
    0x0800515c   0x0800515c   0x00000008   Data   RO         3412    .constdata          system_stm32f1xx.o
    0x08005164   0x08005164   0x00000020   Data   RO         3760    Region$$Table       anon$$obj.o


    Execution Region RW_IRAM1 (Exec base: 0x20000000, Load base: 0x08005184, Size: 0x000008b8, Max: 0x00010000, ABSOLUTE)

    Exec Addr    Load Addr    Size         Type   Attr      Idx    E Section Name        Object

    0x20000000   0x08005184   0x00000002   Data   RW           17    .data               bat.o
    0x20000002   0x08005186   0x00000002   PAD
    0x20000004   0x08005188   0x0000002e   Data   RW          174    .data               com.o
    0x20000032   0x080051b6   0x00000006   Data   RW          514    .data               cmdhandler.o
    0x20000038   0x080051bc   0x00000008   Data   RW          562    .data               lora.o
    0x20000040   0x080051c4   0x00000004   Data   RW          626    .data               main.o
    0x20000044   0x080051c8   0x0000000c   Data   RW         1170    .data               stm32f1xx_hal.o
    0x20000050   0x080051d4   0x00000004   Data   RW         3413    .data               system_stm32f1xx.o
    0x20000054        -       0x00000018   Zero   RW           16    .bss                bat.o
    0x2000006c        -       0x0000000a   Zero   RW          173    .bss                com.o
    0x20000076        -       0x000001f4   Zero   RW          513    .bss                cmdhandler.o
    0x2000026a   0x080051d8   0x00000002   PAD
    0x2000026c        -       0x00000208   Zero   RW          624    .bss                main.o
    0x20000474        -       0x00000044   Zero   RW          625    .bss                main.o
    0x200004b8        -       0x00000400   Zero   RW            1    STACK               startup_stm32f107xc.o


==============================================================================

Image component sizes


      Code (inc. data)   RO Data    RW Data    ZI Data      Debug   Object Name

       824         24          0          2         24     649317   bat.o
       712        188          0          6        500       3326   cmdhandler.o
       988        162          0         46         10       9892   com.o
       376        166          0          8          0       2859   lora.o
      1846        188          0          4        588       9084   main.o
        36          8        336          0       1024        816   startup_stm32f107xc.o
       112         20          0         12          0       5975   stm32f1xx_hal.o
      1734        232          0          0          0       8323   stm32f1xx_hal_adc.o
       460        196          0          0          0      29179   stm32f1xx_hal_cortex.o
      1566        160          0          0          0       4690   stm32f1xx_hal_dma.o
       912        192          0          0          0       3116   stm32f1xx_hal_gpio.o
       792         98          0          0          0       4204   stm32f1xx_hal_msp.o
      2606        290          0          0          0       6620   stm32f1xx_hal_rcc.o
       744         78          0          0          0       1656   stm32f1xx_hal_rcc_ex.o
      3658        736          0          0          0      16175   stm32f1xx_hal_tim.o
       592        152          0          0          0       3345   stm32f1xx_hal_tim_ex.o
      1564        154          0          0          0       9587   stm32f1xx_hal_uart.o
        74         36          0          0          0       3082   stm32f1xx_it.o
        84         16         24          4          0       1203   system_stm32f1xx.o

    ----------------------------------------------------------------------
     19698       3096        392         84       2148     772449   Object Totals
         0          0         32          0          0          0   (incl. Generated)
        18          0          0          2          2          0   (incl. Padding)

    ----------------------------------------------------------------------

      Code (inc. data)   RO Data    RW Data    ZI Data      Debug   Library Member Name

         0          0          0          0          0          0   entry.o
         0          0          0          0          0          0   entry10a.o
         0          0          0          0          0          0   entry11a.o
         8          4          0          0          0          0   entry2.o
         4          0          0          0          0          0   entry5.o
         0          0          0          0          0          0   entry7b.o
         0          0          0          0          0          0   entry8b.o
         8          4          0          0          0          0   entry9a.o
        30          0          0          0          0          0   handlers.o
        36          8          0          0          0         68   init.o
        30          0          0          0          0         68   llshl.o
        32          0          0          0          0         68   llushr.o
        36          0          0          0          0        108   memseta.o
       390         10          0          0          0        252   printf1.o
        28          0          0          0          0         76   strcmp.o
        18          0          0          0          0         68   strcpy.o
        14          0          0          0          0         68   strlen.o
        44          0          0          0          0         80   uidiv.o
        98          0          0          0          0         92   uldiv.o

    ----------------------------------------------------------------------
       778         26          0          0          0        948   Library Totals
         2          0          0          0          0          0   (incl. Padding)

    ----------------------------------------------------------------------

      Code (inc. data)   RO Data    RW Data    ZI Data      Debug   Library Name

       776         26          0          0          0        948   mc_w.l

    ----------------------------------------------------------------------
       778         26          0          0          0        948   Library Totals

    ----------------------------------------------------------------------

==============================================================================


      Code (inc. data)   RO Data    RW Data    ZI Data      Debug   

     20476       3122        392         84       2148     767153   Grand Totals
     20476       3122        392         84       2148     767153   ELF Image Totals
     20476       3122        392         84          0          0   ROM Totals

==============================================================================

    Total RO  Size (Code + RO Data)                20868 (  20.38kB)
    Total RW  Size (RW Data + ZI Data)              2232 (   2.18kB)
    Total ROM Size (Code + RO Data + RW Data)      20952 (  20.46kB)

==============================================================================

